Archive member included to satisfy reference by file (symbol)

../lib-remoteconfig/lib_gd32/libremoteconfig.a(remoteconfig.o)
                              build_gd32/firmware/main.o (RemoteConfig::RemoteConfig(remoteconfig::Node, remoteconfig::Output, unsigned int))
../lib-remoteconfig/lib_gd32/libremoteconfig.a(remoteconfigfactory.o)
                              ../lib-remoteconfig/lib_gd32/libremoteconfig.a(remoteconfig.o) (RemoteConfig::HandleFactory())
../lib-remoteconfig/lib_gd32/libremoteconfig.a(remoteconfigparams.o)
                              build_gd32/firmware/main.o (RemoteConfigParams::RemoteConfigParams(RemoteConfigParamsStore*))
../lib-remoteconfig/lib_gd32/libremoteconfig.a(remoteconfigparamsdump.o)
                              build_gd32/firmware/main.o (RemoteConfigParams::Dump())
../lib-remoteconfig/lib_gd32/libremoteconfig.a(remoteconfigreboot.o)
                              ../lib-remoteconfig/lib_gd32/libremoteconfig.a(remoteconfig.o) (RemoteConfig::HandleReboot())
../lib-remoteconfig/lib_gd32/libremoteconfig.a(remoteconfigstatic.o)
                              ../lib-remoteconfig/lib_gd32/libremoteconfig.a(remoteconfig.o) (RemoteConfig::GetIndex(void const*, unsigned int&))
../lib-remoteconfig/lib_gd32/libremoteconfig.a(remoteconfig.o)
                              ../lib-remoteconfig/lib_gd32/libremoteconfig.a(remoteconfig.o) (RemoteConfig::PlatformHandleTftpSet())
../lib-remoteconfig/lib_gd32/libremoteconfig.a(httd.o)
                              build_gd32/firmware/main.o (HttpDaemon::HttpDaemon())
../lib-remoteconfig/lib_gd32/libremoteconfig.a(remoteconfigconst.o)
                              ../lib-remoteconfig/lib_gd32/libremoteconfig.a(remoteconfigparams.o) (RemoteConfigConst::PARAMS_DISPLAY_NAME)
../lib-remoteconfig/lib_gd32/libremoteconfig.a(remoteconfigjson.o)
                              ../lib-remoteconfig/lib_gd32/libremoteconfig.a(httd.o) (remoteconfig::json_get_list(char*, unsigned short))
../lib-remoteconfig/lib_gd32/libremoteconfig.a(get_file_content.o)
                              ../lib-remoteconfig/lib_gd32/libremoteconfig.a(httd.o) (get_file_content(char const*, char*))
../lib-artnet4/lib_gd32/libartnet4.a(artnet4node.o)
                              build_gd32/firmware/main.o (ArtNet4Node::ArtNet4Node())
../lib-artnet/lib_gd32/libartnet.a(artnetmsgconst.o)
                              build_gd32/firmware/main.o (ArtNetMsgConst::RDM_RUN)
../lib-artnet/lib_gd32/libartnet.a(artnetnode.o)
                              ../lib-artnet4/lib_gd32/libartnet4.a(artnet4node.o) (ArtNetNode::~ArtNetNode())
../lib-artnet/lib_gd32/libartnet.a(artnetnodegetportaddress.o)
                              ../lib-artnet4/lib_gd32/libartnet4.a(artnet4node.o) (ArtNetNode::GetPortAddress(unsigned int, unsigned short&, lightset::PortDir) const)
../lib-artnet/lib_gd32/libartnet.a(artnetnodehandleaddress.o)
                              build_gd32/firmware/main.o (ArtNetNode::SetUniverseSwitch(unsigned int, lightset::PortDir, unsigned char))
../lib-artnet/lib_gd32/libartnet.a(artnetnodehandledmx.o)
                              ../lib-artnet/lib_gd32/libartnet.a(artnetnode.o) (ArtNetNode::HandleDmx())
../lib-artnet/lib_gd32/libartnet.a(artnetnodehandledmxin.o)
                              ../lib-artnet/lib_gd32/libartnet.a(artnetnode.o) (ArtNetNode::HandleDmxIn())
../lib-artnet/lib_gd32/libartnet.a(artnetnodehandleipprog.o)
                              ../lib-artnet/lib_gd32/libartnet.a(artnetnode.o) (ArtNetNode::HandleIpProg())
../lib-artnet/lib_gd32/libartnet.a(artnetnodehandlepoll.o)
                              ../lib-artnet/lib_gd32/libartnet.a(artnetnode.o) (ArtNetNode::FillPollReply())
../lib-artnet/lib_gd32/libartnet.a(artnetnodehandlerdm.o)
                              ../lib-artnet/lib_gd32/libartnet.a(artnetnodehandleaddress.o) (ArtNetNode::SetRmd(unsigned int, bool))
../lib-artnet/lib_gd32/libartnet.a(artnetnodehandlesync.o)
                              ../lib-artnet/lib_gd32/libartnet.a(artnetnode.o) (ArtNetNode::HandleSync())
../lib-artnet/lib_gd32/libartnet.a(artnetnodehandletimecode.o)
                              ../lib-artnet/lib_gd32/libartnet.a(artnetnode.o) (ArtNetNode::HandleTimeCode())
../lib-artnet/lib_gd32/libartnet.a(artnetnodehandletimesync.o)
                              ../lib-artnet/lib_gd32/libartnet.a(artnetnode.o) (ArtNetNode::HandleTimeSync())
../lib-artnet/lib_gd32/libartnet.a(artnetnodeprint.o)
                              ../lib-artnet4/lib_gd32/libartnet4.a(artnet4node.o) (ArtNetNode::Print())
../lib-artnet/lib_gd32/libartnet.a(artnetparams.o)
                              build_gd32/firmware/main.o (ArtNetParams::ArtNetParams(ArtNetParamsStore*))
../lib-artnet/lib_gd32/libartnet.a(artnetparamsconst.o)
                              ../lib-artnet/lib_gd32/libartnet.a(artnetparams.o) (ArtNetParamsConst::MAP_UNIVERSE0)
../lib-artnet/lib_gd32/libartnet.a(artnetparamsdump.o)
[...]
Memory Configuration

Name             Origin             Length             Attributes
FLASH            0x0000000008008000 0x000000000001a800 xr
TCMSRAM          0x0000000010000000 0x0000000000010000 rw
RAM              0x0000000020000000 0x0000000000020000 xrw
RAMADD           0x0000000020030000 0x0000000000000000 xrw
BKPSRAM          0x0000000040024000 0x0000000000001000 rw
*default*        0x0000000000000000 0xffffffffffffffff

Linker script and memory map

LOAD build_gd32/startup_gd32f407.o
LOAD build_gd32/firmware/main.o
LOAD build_gd32/lib/dmxinput.o
LOAD build_gd32/lib/rdmsoftwareversion.o
                0x0000000000002000                __heap_size = DEFINED (__heap_size)?__heap_size:0x2000
                0x0000000000002800                __stack_size = DEFINED (__stack_size)?__stack_size:0x2800

.vectors        0x0000000008008000      0x188
                0x0000000008008000                . = ALIGN (0x4)
 *(.vectors)
 .vectors       0x0000000008008000      0x188 build_gd32/startup_gd32f407.o
                0x0000000008008000                __gVectors
                0x0000000008008188                . = ALIGN (0x4)
                0x0000000008008188                __Vectors_End = .
                0x0000000008008188                __Vectors_Size = (__Vectors_End - __gVectors)

.text           0x0000000008008188     0xf034
                0x0000000008008188                . = ALIGN (0x4)
 *(.text.unlikely*)
 .text.unlikely.net_init
                0x0000000008008188       0x98 ../lib-network/lib_gd32/libnetwork.a(net.o)
                0x0000000008008188                net_init
 .text.unlikely.net_shutdown
                0x0000000008008220       0x1c ../lib-network/lib_gd32/libnetwork.a(net.o)
                0x0000000008008220                net_shutdown
 .text.unlikely.rfc3927_init
                0x000000000800823c       0x18 ../lib-network/lib_gd32/libnetwork.a(rfc3927.o)
                0x000000000800823c                rfc3927_init
 .text.unlikely.tcp_init
                0x0000000008008254       0x44 ../lib-network/lib_gd32/libnetwork.a(tcp.o)
                0x0000000008008254                tcp_init
 .text.unlikely.udp_init
                0x0000000008008298       0x58 ../lib-network/lib_gd32/libnetwork.a(udp.o)
                0x0000000008008298                udp_init
 .text.unlikely.udp_shutdown
                0x00000000080082f0        0x2 ../lib-network/lib_gd32/libnetwork.a(udp.o)
                0x00000000080082f0                udp_shutdown
 *fill*         0x00000000080082f2        0x2 
 .text.unlikely.arp_init
                0x00000000080082f4       0xf8 ../lib-network/lib_gd32/libnetwork.a(arp.o)
                0x00000000080082f4                arp_init
 .text.unlikely.arp_cache_init
                0x00000000080083ec       0x30 ../lib-network/lib_gd32/libnetwork.a(arp_cache.o)
                0x00000000080083ec                arp_cache_init
 .text.unlikely.igmp_init
                0x000000000800841c       0xb8 ../lib-network/lib_gd32/libnetwork.a(igmp.o)
                0x000000000800841c                igmp_init
 .text.unlikely.igmp_shutdown
                0x00000000080084d4       0x28 ../lib-network/lib_gd32/libnetwork.a(igmp.o)
                0x00000000080084d4                igmp_shutdown
 .text.unlikely.ip_init
                0x00000000080084fc       0x16 ../lib-network/lib_gd32/libnetwork.a(ip.o)
                0x00000000080084fc                ip_init
 .text.unlikely.ip_shutdown
                0x0000000008008512        0xe ../lib-network/lib_gd32/libnetwork.a(ip.o)
                0x0000000008008512                ip_shutdown
 .text.unlikely.console_init
                0x0000000008008520       0x20 ../lib-hal/lib_gd32/libhal.a(console_uart0.o)
                0x0000000008008520                console_init
 *(.text.hot*)
 .text.hot.net_handle
                0x0000000008008540       0x38 ../lib-network/lib_gd32/libnetwork.a(net.o)
                0x0000000008008540                net_handle
 .text.hot.tcp_handle
                0x0000000008008578      0x3d4 ../lib-network/lib_gd32/libnetwork.a(tcp.o)
                0x0000000008008578                tcp_handle
 .text.hot.udp_handle
                0x000000000800894c       0xac ../lib-network/lib_gd32/libnetwork.a(udp.o)
                0x000000000800894c                udp_handle
 .text.hot.arp_handle
                0x00000000080089f8       0x18 ../lib-network/lib_gd32/libnetwork.a(arp.o)
                0x00000000080089f8                arp_handle
 .text.hot.igmp_handle
                0x0000000008008a10       0xa0 ../lib-network/lib_gd32/libnetwork.a(igmp.o)
                0x0000000008008a10                igmp_handle
 .text.hot.ip_handle
                0x0000000008008ab0       0x32 ../lib-network/lib_gd32/libnetwork.a(ip.o)
                0x0000000008008ab0                ip_handle
 *fill*         0x0000000008008ae2        0x2 
 .text.hot.icmp_handle
                0x0000000008008ae4       0x98 ../lib-network/lib_gd32/libnetwork.a(icmp.o)
                0x0000000008008ae4                icmp_handle
 *(.text)
 .text          0x0000000008008b7c       0x58 build_gd32/startup_gd32f407.o
                0x0000000008008b90                Reset_Handler
 .text          0x0000000008008bd4       0xa0 /Applications/ArmGNUToolchain/11.3.rel1/arm-none-eabi/bin/../lib/gcc/arm-none-eabi/11.3.1/thumb/v7e-m+fp/hard/libgcc.a(_arm_truncdfsf2.o)
                0x0000000008008bd4                __aeabi_d2f
                0x0000000008008bd4                __truncdfsf2
 .text          0x0000000008008c74       0x30 /Applications/ArmGNUToolchain/11.3.rel1/arm-none-eabi/bin/../lib/gcc/arm-none-eabi/11.3.1/thumb/v7e-m+fp/hard/libgcc.a(_aeabi_uldivmod.o)
                0x0000000008008c74                __aeabi_uldivmod
 .text          0x0000000008008ca4        0x4 /Applications/ArmGNUToolchain/11.3.rel1/arm-none-eabi/bin/../lib/gcc/arm-none-eabi/11.3.1/thumb/v7e-m+fp/hard/libgcc.a(_dvmd_tls.o)
                0x0000000008008ca4                __aeabi_ldiv0
                0x0000000008008ca4                __aeabi_idiv0
 *(.text*)
 .text.Default_Handler
                0x0000000008008ca8        0x2 build_gd32/startup_gd32f407.o
                0x0000000008008ca8                USBHS_EP1_Out_IRQHandler
                0x0000000008008ca8                EXTI2_IRQHandler
                0x0000000008008ca8                DebugMon_Handler
                0x0000000008008ca8                LVD_IRQHandler
                0x0000000008008ca8                CAN1_EWMC_IRQHandler
                0x0000000008008ca8                HardFault_Handler
                0x0000000008008ca8                TIMER7_UP_TIMER12_IRQHandler
                0x0000000008008ca8                SDIO_IRQHandler
                0x0000000008008ca8                PendSV_Handler
                0x0000000008008ca8                NMI_Handler
                0x0000000008008ca8                EXTI3_IRQHandler
                0x0000000008008ca8                DCI_IRQHandler
                0x0000000008008ca8                USBFS_WKUP_IRQHandler
                0x0000000008008ca8                USBHS_IRQHandler
                0x0000000008008ca8                TIMER5_DAC_IRQHandler
                0x0000000008008ca8                TIMER0_TRG_CMT_TIMER10_IRQHandler
                0x0000000008008ca8                USBFS_IRQHandler
                0x0000000008008ca8                DMA0_Channel6_IRQHandler
                0x0000000008008ca8                I2C0_EV_IRQHandler
                0x0000000008008ca8                EXTI0_IRQHandler
                0x0000000008008ca8                I2C2_EV_IRQHandler
                0x0000000008008ca8                CAN1_RX0_IRQHandler
                0x0000000008008ca8                FPU_IRQHandler
                0x0000000008008ca8                TIMER7_TRG_CMT_TIMER13_IRQHandler
                0x0000000008008ca8                UsageFault_Handler
                0x0000000008008ca8                TIMER4_IRQHandler
                0x0000000008008ca8                SPI1_IRQHandler
                0x0000000008008ca8                DMA0_Channel0_IRQHandler
                0x0000000008008ca8                TIMER0_BRK_TIMER8_IRQHandler
                0x0000000008008ca8                DMA1_Channel0_IRQHandler
                0x0000000008008ca8                TIMER7_BRK_TIMER11_IRQHandler
                0x0000000008008ca8                DMA1_Channel4_IRQHandler
                0x0000000008008ca8                DMA0_Channel3_IRQHandler
                0x0000000008008ca8                I2C0_ER_IRQHandler
                0x0000000008008ca8                TIMER0_UP_TIMER9_IRQHandler
                0x0000000008008ca8                DMA1_Channel7_IRQHandler
                0x0000000008008ca8                CAN1_RX1_IRQHandler
                0x0000000008008ca8                DMA0_Channel2_IRQHandler
                0x0000000008008ca8                I2C1_EV_IRQHandler
                0x0000000008008ca8                DMA1_Channel6_IRQHandler
                0x0000000008008ca8                UART4_IRQHandler
                0x0000000008008ca8                EXTI10_15_IRQHandler
                0x0000000008008ca8                DMA1_Channel1_IRQHandler
                0x0000000008008ca8                Default_Handler
                0x0000000008008ca8                TIMER7_Channel_IRQHandler
                0x0000000008008ca8                DMA0_Channel7_IRQHandler
                0x0000000008008ca8                ADC_IRQHandler
                0x0000000008008ca8                CAN0_TX_IRQHandler
                0x0000000008008ca8                WWDGT_IRQHandler
                0x0000000008008ca8                EXMC_IRQHandler
                0x0000000008008ca8                TAMPER_STAMP_IRQHandler
                0x0000000008008ca8                RTC_WKUP_IRQHandler
                0x0000000008008ca8                SPI2_IRQHandler
                0x0000000008008ca8                MemManage_Handler
                0x0000000008008ca8                CAN1_TX_IRQHandler
                0x0000000008008ca8                SVC_Handler
                0x0000000008008ca8                RCU_CTC_IRQHandler
                0x0000000008008ca8                DMA1_Channel5_IRQHandler
                0x0000000008008ca8                EXTI4_IRQHandler
                0x0000000008008ca8                CAN0_RX1_IRQHandler
                0x0000000008008ca8                DMA0_Channel5_IRQHandler
                0x0000000008008ca8                DMA1_Channel3_IRQHandler
                0x0000000008008ca8                EXTI5_9_IRQHandler
                0x0000000008008ca8                DMA0_Channel1_IRQHandler
                0x0000000008008ca8                TIMER0_Channel_IRQHandler
                0x0000000008008ca8                EXTI1_IRQHandler
                0x0000000008008ca8                ENET_WKUP_IRQHandler
                0x0000000008008ca8                USBHS_EP1_In_IRQHandler
                0x0000000008008ca8                SPI0_IRQHandler
                0x0000000008008ca8                CAN0_EWMC_IRQHandler
                0x0000000008008ca8                CAN0_RX0_IRQHandler
                0x0000000008008ca8                I2C2_ER_IRQHandler
                0x0000000008008ca8                DMA1_Channel2_IRQHandler
                0x0000000008008ca8                BusFault_Handler
                0x0000000008008ca8                USART1_IRQHandler
                0x0000000008008ca8                UART3_IRQHandler
                0x0000000008008ca8                I2C1_ER_IRQHandler
                0x0000000008008ca8                FMC_IRQHandler
                0x0000000008008ca8                USBHS_WKUP_IRQHandler
                0x0000000008008ca8                DMA0_Channel4_IRQHandler
                0x0000000008008ca8                TRNG_IRQHandler
                0x0000000008008ca8                ENET_IRQHandler
                0x0000000008008ca8                RTC_Alarm_IRQHandler
 .text.memcmp   0x0000000008008caa       0x20 build_gd32/firmware/main.o
 .text._ZN14DisplayHandlerD2Ev
                0x0000000008008cca        0x2 build_gd32/firmware/main.o
                0x0000000008008cca                DisplayHandler::~DisplayHandler()
                0x0000000008008cca                DisplayHandler::~DisplayHandler()
 .text._ZN12dmxconfigudpL4atoiEPKcj
                0x0000000008008ccc       0x24 build_gd32/firmware/main.o
 .text._ZN14DisplayHandlerD0Ev
                0x0000000008008cf0        0xc build_gd32/firmware/main.o
                0x0000000008008cf0                DisplayHandler::~DisplayHandler()
 .text._ZN7Display12SetCursorPosEhh.isra.0
                0x0000000008008cfc        0xa build_gd32/firmware/main.o
 .text._ZN7Display7PutCharEi.isra.0
                0x0000000008008d06        0xa build_gd32/firmware/main.o
 .text._ZN14DisplayHandler5PrintEj
                0x0000000008008d10       0x50 build_gd32/firmware/main.o
                0x0000000008008d10                DisplayHandler::Print(unsigned int)
 .text._ZN7Display10TextStatusEPKc
                0x0000000008008d60       0x6c build_gd32/firmware/main.o
                0x0000000008008d60                Display::TextStatus(char const*)
 .text._ZN7Display10TextStatusEPKc22Display7SegmentMessagej
                0x0000000008008dcc       0x50 build_gd32/firmware/main.o
                0x0000000008008dcc                Display::TextStatus(char const*, Display7SegmentMessage, unsigned int)
 .text._ZN7Display8SetSleepEb
                0x0000000008008e1c       0x20 build_gd32/firmware/main.o
                0x0000000008008e1c                Display::SetSleep(bool)
 .text._ZN7display7timeout9gpio_initEv
                0x0000000008008e3c       0x20 build_gd32/firmware/main.o
                0x0000000008008e3c                display::timeout::gpio_init()
 .text._ZN7display7timeout10gpio_renewEv
                0x0000000008008e5c       0x14 build_gd32/firmware/main.o
                0x0000000008008e5c                display::timeout::gpio_renew()
 .text._ZN9RDMDevice4InitEv
                0x0000000008008e70       0x60 build_gd32/firmware/main.o
                0x0000000008008e70                RDMDevice::Init()
 .text._ZN8Hardware13RebootHandlerEv
                0x0000000008008ed0       0x20 build_gd32/firmware/main.o
                0x0000000008008ed0                Hardware::RebootHandler()
 .text.startup.main
                0x0000000008008ef0      0x568 build_gd32/firmware/main.o
                0x0000000008008ef0                main
 .text._ZN8DmxInputD2Ev
                0x0000000008009458        0x2 build_gd32/lib/dmxinput.o
                0x0000000008009458                DmxInput::~DmxInput()
                0x0000000008009458                DmxInput::~DmxInput()
 *fill*         0x000000000800945a        0x2 
 .text._ZN8DmxInput5StartEj
                0x000000000800945c       0x30 build_gd32/lib/dmxinput.o
                0x000000000800945c                DmxInput::Start(unsigned int)
 .text._ZN8DmxInput4StopEj
                0x000000000800948c       0x30 build_gd32/lib/dmxinput.o
                0x000000000800948c                DmxInput::Stop(unsigned int)
 .text._ZN8DmxInput7HandlerEjRjS0_
                0x00000000080094bc       0x3c build_gd32/lib/dmxinput.o
                0x00000000080094bc                DmxInput::Handler(unsigned int, unsigned int&, unsigned int&)
 .text._ZN8DmxInputD0Ev
                0x00000000080094f8        0xc build_gd32/lib/dmxinput.o
                0x00000000080094f8                DmxInput::~DmxInput()
 .text._ZN8DmxInputC2Ev
                0x0000000008009504       0x20 build_gd32/lib/dmxinput.o
                0x0000000008009504                DmxInput::DmxInput()
                0x0000000008009504                DmxInput::DmxInput()
 .text._ZN12RemoteConfig10HandleListEv
                0x0000000008009524       0xd0 ../lib-remoteconfig/lib_gd32/libremoteconfig.a(remoteconfig.o)
                0x0000000008009524                RemoteConfig::HandleList()
 .text._ZN12RemoteConfig16HandleDisplayGetEv
                0x00000000080095f4       0x54 ../lib-remoteconfig/lib_gd32/libremoteconfig.a(remoteconfig.o)
                0x00000000080095f4                RemoteConfig::HandleDisplayGet()
 .text._ZN12RemoteConfig13HandleTftpGetEv
                0x0000000008009648       0x50 ../lib-remoteconfig/lib_gd32/libremoteconfig.a(remoteconfig.o)
                0x0000000008009648                RemoteConfig::HandleTftpGet()
 .text._ZN12RemoteConfig13HandleVersionEv
                0x0000000008009698       0x40 ../lib-remoteconfig/lib_gd32/libremoteconfig.a(remoteconfig.o)
                0x0000000008009698                RemoteConfig::HandleVersion()
 .text._ZN12RemoteConfig12HandleUptimeEv
                0x00000000080096d8       0x4c ../lib-remoteconfig/lib_gd32/libremoteconfig.a(remoteconfig.o)
                0x00000000080096d8                RemoteConfig::HandleUptime()
 .text._ZN7Display6StatusE22Display7SegmentMessage
                0x0000000008009724       0x36 ../lib-remoteconfig/lib_gd32/libremoteconfig.a(remoteconfig.o)
                0x0000000008009724                Display::Status(Display7SegmentMessage)
 *fill*         0x000000000800975a        0x2 
 .text._ZN12RemoteConfig16HandleDisplaySetEv
                0x000000000800975c       0x28 ../lib-remoteconfig/lib_gd32/libremoteconfig.a(remoteconfig.o)
                0x000000000800975c                RemoteConfig::HandleDisplaySet()
 .text._ZN12RemoteConfig13HandleTftpSetEv
                0x0000000008009784       0x68 ../lib-remoteconfig/lib_gd32/libremoteconfig.a(remoteconfig.o)
                0x0000000008009784                RemoteConfig::HandleTftpSet()
 .text._ZN12RemoteConfigC2EN12remoteconfig4NodeENS0_6OutputEj
                0x00000000080097ec       0x68 ../lib-remoteconfig/lib_gd32/libremoteconfig.a(remoteconfig.o)
                0x00000000080097ec                RemoteConfig::RemoteConfig(remoteconfig::Node, remoteconfig::Output, unsigned int)
                0x00000000080097ec                RemoteConfig::RemoteConfig(remoteconfig::Node, remoteconfig::Output, unsigned int)
 .text._ZNK12RemoteConfig13GetStringNodeEv
                0x0000000008009854       0x18 ../lib-remoteconfig/lib_gd32/libremoteconfig.a(remoteconfig.o)
                0x0000000008009854                RemoteConfig::GetStringNode() const
 .text._ZNK12RemoteConfig15GetStringOutputEv
                0x000000000800986c       0x18 ../lib-remoteconfig/lib_gd32/libremoteconfig.a(remoteconfig.o)
                0x000000000800986c                RemoteConfig::GetStringOutput() const
 .text._ZN12RemoteConfig10SetDisableEb
                0x0000000008009884       0x40 ../lib-remoteconfig/lib_gd32/libremoteconfig.a(remoteconfig.o)
                0x0000000008009884                RemoteConfig::SetDisable(bool)
 .text._ZN12RemoteConfig14SetDisplayNameEPKc
                0x00000000080098c4       0x30 ../lib-remoteconfig/lib_gd32/libremoteconfig.a(remoteconfig.o)
                0x00000000080098c4                RemoteConfig::SetDisplayName(char const*)
 .text._ZN12RemoteConfig9HandleGetEPvj
                0x00000000080098f4       0xb8 ../lib-remoteconfig/lib_gd32/libremoteconfig.a(remoteconfig.o)
                0x00000000080098f4                RemoteConfig::HandleGet(void*, unsigned int)
 .text._ZN12RemoteConfig17HandleGetNoParamsEv
                0x00000000080099ac        0x8 ../lib-remoteconfig/lib_gd32/libremoteconfig.a(remoteconfig.o)
                0x00000000080099ac                RemoteConfig::HandleGetNoParams()
 .text._ZN12RemoteConfig19HandleGetRconfigTxtERj
                0x00000000080099b4       0x30 ../lib-remoteconfig/lib_gd32/libremoteconfig.a(remoteconfig.o)
                0x00000000080099b4                RemoteConfig::HandleGetRconfigTxt(unsigned int&)
 .text._ZN12RemoteConfig19HandleGetNetworkTxtERj
                0x00000000080099e4       0x30 ../lib-remoteconfig/lib_gd32/libremoteconfig.a(remoteconfig.o)
                0x00000000080099e4                RemoteConfig::HandleGetNetworkTxt(unsigned int&)
 .text._ZN12RemoteConfig18HandleGetArtnetTxtERj
                0x0000000008009a14       0x30 ../lib-remoteconfig/lib_gd32/libremoteconfig.a(remoteconfig.o)
                0x0000000008009a14                RemoteConfig::HandleGetArtnetTxt(unsigned int&)
 .text._ZN12RemoteConfig16HandleGetE131TxtERj
                0x0000000008009a44       0x30 ../lib-remoteconfig/lib_gd32/libremoteconfig.a(remoteconfig.o)
                0x0000000008009a44                RemoteConfig::HandleGetE131Txt(unsigned int&)
 .text._ZN12RemoteConfig18HandleGetParamsTxtERj
                0x0000000008009a74       0x2c ../lib-remoteconfig/lib_gd32/libremoteconfig.a(remoteconfig.o)
                0x0000000008009a74                RemoteConfig::HandleGetParamsTxt(unsigned int&)
 .text._ZN12RemoteConfig19HandleGetDisplayTxtERj
                0x0000000008009aa0       0x30 ../lib-remoteconfig/lib_gd32/libremoteconfig.a(remoteconfig.o)
                0x0000000008009aa0                RemoteConfig::HandleGetDisplayTxt(unsigned int&)
 .text._ZN12RemoteConfig9HandleSetEPvj
                0x0000000008009ad0       0x84 ../lib-remoteconfig/lib_gd32/libremoteconfig.a(remoteconfig.o)
                0x0000000008009ad0                RemoteConfig::HandleSet(void*, unsigned int)
 .text._ZN12RemoteConfig3RunEv
                0x0000000008009b54      0x13c ../lib-remoteconfig/lib_gd32/libremoteconfig.a(remoteconfig.o)
                0x0000000008009b54                RemoteConfig::Run()
 .text._ZN12RemoteConfig16HandleSetRconfigEv
                0x0000000008009c90       0x30 ../lib-remoteconfig/lib_gd32/libremoteconfig.a(remoteconfig.o)
                0x0000000008009c90                RemoteConfig::HandleSetRconfig()
 .text._ZN12RemoteConfig19HandleSetNetworkTxtEv
                0x0000000008009cc0       0x28 ../lib-remoteconfig/lib_gd32/libremoteconfig.a(remoteconfig.o)
                0x0000000008009cc0                RemoteConfig::HandleSetNetworkTxt()
 .text._ZN12RemoteConfig18HandleSetArtnetTxtEv
                0x0000000008009ce8       0x28 ../lib-remoteconfig/lib_gd32/libremoteconfig.a(remoteconfig.o)
                0x0000000008009ce8                RemoteConfig::HandleSetArtnetTxt()
 .text._ZN12RemoteConfig16HandleSetE131TxtEv
                0x0000000008009d10       0x28 ../lib-remoteconfig/lib_gd32/libremoteconfig.a(remoteconfig.o)
                0x0000000008009d10                RemoteConfig::HandleSetE131Txt()
 .text._ZN12RemoteConfig18HandleSetParamsTxtEv
                0x0000000008009d38       0x28 ../lib-remoteconfig/lib_gd32/libremoteconfig.a(remoteconfig.o)
                0x0000000008009d38                RemoteConfig::HandleSetParamsTxt()
 .text._ZN12RemoteConfig19HandleSetDisplayTxtEv
                0x0000000008009d60       0x28 ../lib-remoteconfig/lib_gd32/libremoteconfig.a(remoteconfig.o)
                0x0000000008009d60                RemoteConfig::HandleSetDisplayTxt()
 .text._ZN12RemoteConfig13HandleFactoryEv
                0x0000000008009d88       0x1c ../lib-remoteconfig/lib_gd32/libremoteconfig.a(remoteconfigfactory.o)
                0x0000000008009d88                RemoteConfig::HandleFactory()
 .text._ZN17PropertiesBuilder3AddEPKcb.isra.0
                0x0000000008009da4       0x50 ../lib-remoteconfig/lib_gd32/libremoteconfig.a(remoteconfigparams.o)
 .text._ZN18RemoteConfigParamsC2EP23RemoteConfigParamsStore
                0x0000000008009df4       0x14 ../lib-remoteconfig/lib_gd32/libremoteconfig.a(remoteconfigparams.o)
                0x0000000008009df4                RemoteConfigParams::RemoteConfigParams(RemoteConfigParamsStore*)
                0x0000000008009df4                RemoteConfigParams::RemoteConfigParams(RemoteConfigParamsStore*)
 .text._ZN18RemoteConfigParams4LoadEv
                0x0000000008009e08       0x18 ../lib-remoteconfig/lib_gd32/libremoteconfig.a(remoteconfigparams.o)
                0x0000000008009e08                RemoteConfigParams::Load()
 .text._ZN18RemoteConfigParams4LoadEPKcj
                0x0000000008009e20       0x3c ../lib-remoteconfig/lib_gd32/libremoteconfig.a(remoteconfigparams.o)
                0x0000000008009e20                RemoteConfigParams::Load(char const*, unsigned int)
 .text._ZN18RemoteConfigParams7SetBoolEhj
                0x0000000008009e5c       0x10 ../lib-remoteconfig/lib_gd32/libremoteconfig.a(remoteconfigparams.o)
                0x0000000008009e5c                RemoteConfigParams::SetBool(unsigned char, unsigned int)
 .text._ZN18RemoteConfigParams16callbackFunctionEPKc
                0x0000000008009e6c       0xac ../lib-remoteconfig/lib_gd32/libremoteconfig.a(remoteconfigparams.o)
                0x0000000008009e6c                RemoteConfigParams::callbackFunction(char const*)
 .text._ZN18RemoteConfigParams22staticCallbackFunctionEPvPKc
                0x0000000008009f18        0x4 ../lib-remoteconfig/lib_gd32/libremoteconfig.a(remoteconfigparams.o)
                0x0000000008009f18                RemoteConfigParams::staticCallbackFunction(void*, char const*)
 .text._ZN18RemoteConfigParams7BuilderEPK19TRemoteConfigParamsPcjRj
                0x0000000008009f1c      0x120 ../lib-remoteconfig/lib_gd32/libremoteconfig.a(remoteconfigparams.o)
                0x0000000008009f1c                RemoteConfigParams::Builder(TRemoteConfigParams const*, char*, unsigned int, unsigned int&)
 .text._ZN18RemoteConfigParams4SaveEPcjRj
                0x000000000800a03c       0x1a ../lib-remoteconfig/lib_gd32/libremoteconfig.a(remoteconfigparams.o)
                0x000000000800a03c                RemoteConfigParams::Save(char*, unsigned int, unsigned int&)
 .text._ZN18RemoteConfigParams3SetEP12RemoteConfig
                0x000000000800a056       0x40 ../lib-remoteconfig/lib_gd32/libremoteconfig.a(remoteconfigparams.o)
                0x000000000800a056                RemoteConfigParams::Set(RemoteConfig*)
 .text._ZN18RemoteConfigParams4DumpEv
                0x000000000800a096        0x2 ../lib-remoteconfig/lib_gd32/libremoteconfig.a(remoteconfigparamsdump.o)
                0x000000000800a096                RemoteConfigParams::Dump()
 .text._ZN12RemoteConfig12HandleRebootEv
                0x000000000800a098       0xa4 ../lib-remoteconfig/lib_gd32/libremoteconfig.a(remoteconfigreboot.o)
                0x000000000800a098                RemoteConfig::HandleReboot()
 .text._ZN12RemoteConfig8GetIndexEPKvRj
                0x000000000800a13c       0x54 ../lib-remoteconfig/lib_gd32/libremoteconfig.a(remoteconfigstatic.o)
                0x000000000800a13c                RemoteConfig::GetIndex(void const*, unsigned int&)
 .text._ZN12RemoteConfig21PlatformHandleTftpSetEv
                0x000000000800a190       0x10 ../lib-remoteconfig/lib_gd32/libremoteconfig.a(remoteconfig.o)
                0x000000000800a190                RemoteConfig::PlatformHandleTftpSet()
 .text._ZN12RemoteConfig21PlatformHandleTftpGetEv
                0x000000000800a1a0       0x1a ../lib-remoteconfig/lib_gd32/libremoteconfig.a(remoteconfig.o)
                0x000000000800a1a0                RemoteConfig::PlatformHandleTftpGet()
 .text.strcmp   0x000000000800a1ba       0x1a ../lib-remoteconfig/lib_gd32/libremoteconfig.a(httd.o)
 .text.strcasecmp
                0x000000000800a1d4       0x34 ../lib-remoteconfig/lib_gd32/libremoteconfig.a(httd.o)
 .text._ZN16PropertiesConfig10EnableJSONEb
                0x000000000800a208       0x18 ../lib-remoteconfig/lib_gd32/libremoteconfig.a(httd.o)
                0x000000000800a208                PropertiesConfig::EnableJSON(bool)
 .text._ZN10HttpDaemonC2Ev
                0x000000000800a220       0x28 ../lib-remoteconfig/lib_gd32/libremoteconfig.a(httd.o)
                0x000000000800a220                HttpDaemon::HttpDaemon()
                0x000000000800a220                HttpDaemon::HttpDaemon()
 .text._ZN10HttpDaemon5StartEv
                0x000000000800a248       0x18 ../lib-remoteconfig/lib_gd32/libremoteconfig.a(httd.o)
                0x000000000800a248                HttpDaemon::Start()
 .text._ZN10HttpDaemon11ParseMethodEPc
                0x000000000800a260       0x8c ../lib-remoteconfig/lib_gd32/libremoteconfig.a(httd.o)
                0x000000000800a260                HttpDaemon::ParseMethod(char*)
 .text._ZN10HttpDaemon16ParseHeaderFieldEPc
                0x000000000800a2ec       0x94 ../lib-remoteconfig/lib_gd32/libremoteconfig.a(httd.o)
                0x000000000800a2ec                HttpDaemon::ParseHeaderField(char*)
 .text._ZN10HttpDaemon12ParseRequestEv
                0x000000000800a380       0x6e ../lib-remoteconfig/lib_gd32/libremoteconfig.a(httd.o)
                0x000000000800a380                HttpDaemon::ParseRequest()
 *fill*         0x000000000800a3ee        0x2 
 .text._ZN10HttpDaemon12HandleGetTxtEv
                0x000000000800a3f0       0x88 ../lib-remoteconfig/lib_gd32/libremoteconfig.a(httd.o)
                0x000000000800a3f0                HttpDaemon::HandleGetTxt()
 .text._ZN10HttpDaemon9HandleGetEv
                0x000000000800a478      0x14c ../lib-remoteconfig/lib_gd32/libremoteconfig.a(httd.o)
                0x000000000800a478                HttpDaemon::HandleGet()
 .text._ZN10HttpDaemon10HandlePostEb
                0x000000000800a5c4      0x160 ../lib-remoteconfig/lib_gd32/libremoteconfig.a(httd.o)
                0x000000000800a5c4                HttpDaemon::HandlePost(bool)
 .text._ZN10HttpDaemon3RunEv
                0x000000000800a724      0x158 ../lib-remoteconfig/lib_gd32/libremoteconfig.a(httd.o)
                0x000000000800a724                HttpDaemon::Run()
 .text._ZN12remoteconfig13json_get_listEPct
                0x000000000800a87c       0x60 ../lib-remoteconfig/lib_gd32/libremoteconfig.a(remoteconfigjson.o)
                0x000000000800a87c                remoteconfig::json_get_list(char*, unsigned short)
 .text._ZN12remoteconfig16json_get_versionEPct
                0x000000000800a8dc       0x38 ../lib-remoteconfig/lib_gd32/libremoteconfig.a(remoteconfigjson.o)
                0x000000000800a8dc                remoteconfig::json_get_version(char*, unsigned short)
 .text._ZN12remoteconfig15json_get_uptimeEPct
                0x000000000800a914       0x20 ../lib-remoteconfig/lib_gd32/libremoteconfig.a(remoteconfigjson.o)
                0x000000000800a914                remoteconfig::json_get_uptime(char*, unsigned short)
 .text._ZN12remoteconfig16json_get_displayEPct
                0x000000000800a934       0x20 ../lib-remoteconfig/lib_gd32/libremoteconfig.a(remoteconfigjson.o)
                0x000000000800a934                remoteconfig::json_get_display(char*, unsigned short)
 .text._ZN12remoteconfig18json_get_directoryEPct
                0x000000000800a954       0x10 ../lib-remoteconfig/lib_gd32/libremoteconfig.a(remoteconfigjson.o)
                0x000000000800a954                remoteconfig::json_get_directory(char*, unsigned short)
 .text._Z16get_file_contentPKcPc
                0x000000000800a964       0x4c ../lib-remoteconfig/lib_gd32/libremoteconfig.a(get_file_content.o)
                0x000000000800a964                get_file_content(char const*, char*)
 .text._ZN11ArtNet4Node15IsStatusChangedEv
                0x000000000800a9b0       0x10 ../lib-artnet4/lib_gd32/libartnet4.a(artnet4node.o)
                0x000000000800a9b0                ArtNet4Node::IsStatusChanged()
 .text._ZN11ArtNet4Node7SetPortEjN8lightset7PortDirE
                0x000000000800a9c0       0x5e ../lib-artnet4/lib_gd32/libartnet4.a(artnet4node.o)
                0x000000000800a9c0                ArtNet4Node::SetPort(unsigned int, lightset::PortDir)
 *fill*         0x000000000800aa1e        0x2 
 .text._ZN11ArtNet4Node15SetLedBlinkModeEN8ledblink4ModeE
                0x000000000800aa20       0x18 ../lib-artnet4/lib_gd32/libartnet4.a(artnet4node.o)
                0x000000000800aa20                ArtNet4Node::SetLedBlinkMode(ledblink::Mode)
 .text._ZN11ArtNet4NodeD2Ev
                0x000000000800aa38       0x20 ../lib-artnet4/lib_gd32/libartnet4.a(artnet4node.o)
                0x000000000800aa38                ArtNet4Node::~ArtNet4Node()
                0x000000000800aa38                ArtNet4Node::~ArtNet4Node()
 .text._ZN11ArtNet4NodeD0Ev
                0x000000000800aa58       0x12 ../lib-artnet4/lib_gd32/libartnet4.a(artnet4node.o)
                0x000000000800aa58                ArtNet4Node::~ArtNet4Node()
 .text._ZN11ArtNet4Node9GetStatusEj
                0x000000000800aa6a       0x34 ../lib-artnet4/lib_gd32/libartnet4.a(artnet4node.o)
                0x000000000800aa6a                ArtNet4Node::GetStatus(unsigned int)
 *fill*         0x000000000800aa9e        0x2 
 .text._ZN11ArtNet4Node13HandleAddressEh
                0x000000000800aaa0      0x12c ../lib-artnet4/lib_gd32/libartnet4.a(artnet4node.o)
                0x000000000800aaa0                ArtNet4Node::HandleAddress(unsigned char)
 .text._ZN11ArtNet4NodeC2Ev
                0x000000000800abcc       0x20 ../lib-artnet4/lib_gd32/libartnet4.a(artnet4node.o)
                0x000000000800abcc                ArtNet4Node::ArtNet4Node()
                0x000000000800abcc                ArtNet4Node::ArtNet4Node()
 .text._ZN11ArtNet4Node5StartEv
                0x000000000800abec       0x6a ../lib-artnet4/lib_gd32/libartnet4.a(artnet4node.o)
                0x000000000800abec                ArtNet4Node::Start()
 .text._ZN11ArtNet4Node3RunEv
                0x000000000800ac56       0x1e ../lib-artnet4/lib_gd32/libartnet4.a(artnet4node.o)
                0x000000000800ac56                ArtNet4Node::Run()
 .text._ZN11ArtNet4Node5PrintEv
                0x000000000800ac74       0x30 ../lib-artnet4/lib_gd32/libartnet4.a(artnet4node.o)
                0x000000000800ac74                ArtNet4Node::Print()
 .text.strncpy.isra.0
                0x000000000800aca4       0x1e ../lib-artnet/lib_gd32/libartnet.a(artnetnode.o)
 .text.memcpy.isra.0
                0x000000000800acc2       0x14 ../lib-artnet/lib_gd32/libartnet.a(artnetnode.o)
 *fill*         0x000000000800acd6        0x2 
 .text._ZN8lightset4Data11ClearLengthEj
                0x000000000800acd8       0x28 ../lib-artnet/lib_gd32/libartnet.a(artnetnode.o)
                0x000000000800acd8                lightset::Data::ClearLength(unsigned int)
 .text._ZN10ArtNetNodeD2Ev
                0x000000000800ad00        0x2 ../lib-artnet/lib_gd32/libartnet.a(artnetnode.o)
                0x000000000800ad00                ArtNetNode::~ArtNetNode()
                0x000000000800ad00                ArtNetNode::~ArtNetNode()
 *fill*         0x000000000800ad02        0x2 
 .text._ZN10ArtNetNode5StartEv
                0x000000000800ad04       0xb8 ../lib-artnet/lib_gd32/libartnet.a(artnetnode.o)
                0x000000000800ad04                ArtNetNode::Start()
 .text._ZN10ArtNetNode4StopEv
                0x000000000800adbc       0x74 ../lib-artnet/lib_gd32/libartnet.a(artnetnode.o)
                0x000000000800adbc                ArtNetNode::Stop()
 .text._ZN10ArtNetNode12SetShortNameEPKc
                0x000000000800ae30       0x42 ../lib-artnet/lib_gd32/libartnet.a(artnetnode.o)
                0x000000000800ae30                ArtNetNode::SetShortName(char const*)
 .text._ZN10ArtNetNode11SetLongNameEPKc
                0x000000000800ae72       0x42 ../lib-artnet/lib_gd32/libartnet.a(artnetnode.o)
                0x000000000800ae72                ArtNetNode::SetLongName(char const*)
 .text._ZN10ArtNetNodeC2Ev
                0x000000000800aeb4      0x190 ../lib-artnet/lib_gd32/libartnet.a(artnetnode.o)
                0x000000000800aeb4                ArtNetNode::ArtNetNode()
                0x000000000800aeb4                ArtNetNode::ArtNetNode()
 .text._ZN10ArtNetNode27SetNetworkDataLossConditionEv
                0x000000000800b044       0x6c ../lib-artnet/lib_gd32/libartnet.a(artnetnode.o)
                0x000000000800b044                ArtNetNode::SetNetworkDataLossCondition()
 .text._ZN10ArtNetNode7GetTypeEv
                0x000000000800b0b0       0x50 ../lib-artnet/lib_gd32/libartnet.a(artnetnode.o)
                0x000000000800b0b0                ArtNetNode::GetType()
 .text._ZN10ArtNetNode3RunEv
                0x000000000800b100      0x1b0 ../lib-artnet/lib_gd32/libartnet.a(artnetnode.o)
                0x000000000800b100                ArtNetNode::Run()
 .text._ZNK10ArtNetNode14GetPortAddressEjRtN8lightset7PortDirE
                0x000000000800b2b0       0x2c ../lib-artnet/lib_gd32/libartnet.a(artnetnodegetportaddress.o)
                0x000000000800b2b0                ArtNetNode::GetPortAddress(unsigned int, unsigned short&, lightset::PortDir) const
 .text._ZN10ArtNetNode15MakePortAddressEtj
                0x000000000800b2dc       0x20 ../lib-artnet/lib_gd32/libartnet.a(artnetnodehandleaddress.o)
                0x000000000800b2dc                ArtNetNode::MakePortAddress(unsigned short, unsigned int)
 .text._ZN10ArtNetNode17SetUniverseSwitchEjN8lightset7PortDirEh
                0x000000000800b2fc      0x154 ../lib-artnet/lib_gd32/libartnet.a(artnetnodehandleaddress.o)
                0x000000000800b2fc                ArtNetNode::SetUniverseSwitch(unsigned int, lightset::PortDir, unsigned char)
 .text._ZNK10ArtNetNode17GetUniverseSwitchEjRhN8lightset7PortDirE
                0x000000000800b450       0x30 ../lib-artnet/lib_gd32/libartnet.a(artnetnodehandleaddress.o)
                0x000000000800b450                ArtNetNode::GetUniverseSwitch(unsigned int, unsigned char&, lightset::PortDir) const
 .text._ZN10ArtNetNode15SetSubnetSwitchEhj
                0x000000000800b480       0x66 ../lib-artnet/lib_gd32/libartnet.a(artnetnodehandleaddress.o)
                0x000000000800b480                ArtNetNode::SetSubnetSwitch(unsigned char, unsigned int)
 .text._ZN10ArtNetNode12SetNetSwitchEhj
                0x000000000800b4e6       0x66 ../lib-artnet/lib_gd32/libartnet.a(artnetnodehandleaddress.o)
                0x000000000800b4e6                ArtNetNode::SetNetSwitch(unsigned char, unsigned int)
 .text._ZN10ArtNetNode15SetPortProtocolEjN6artnet12PortProtocolE
                0x000000000800b54c       0x4e ../lib-artnet/lib_gd32/libartnet.a(artnetnodehandleaddress.o)
                0x000000000800b54c                ArtNetNode::SetPortProtocol(unsigned int, artnet::PortProtocol)
 .text._ZN10ArtNetNode12SetMergeModeEjN8lightset9MergeModeE
                0x000000000800b59a       0x4e ../lib-artnet/lib_gd32/libartnet.a(artnetnodehandleaddress.o)
                0x000000000800b59a                ArtNetNode::SetMergeMode(unsigned int, lightset::MergeMode)
 .text._ZN10ArtNetNode11SetFailSafeEN10artnetnode8FailSafeE
                0x000000000800b5e8       0x52 ../lib-artnet/lib_gd32/libartnet.a(artnetnodehandleaddress.o)
                0x000000000800b5e8                ArtNetNode::SetFailSafe(artnetnode::FailSafe)
 *fill*         0x000000000800b63a        0x2 
 .text._ZN10ArtNetNode13HandleAddressEv
                0x000000000800b63c      0x274 ../lib-artnet/lib_gd32/libartnet.a(artnetnodehandleaddress.o)
                0x000000000800b63c                ArtNetNode::HandleAddress()
 .text._ZN8lightset4Data13IMergeSourceAEjPKhjNS_9MergeModeE.part.0
                0x000000000800b8b0       0x28 ../lib-artnet/lib_gd32/libartnet.a(artnetnodehandledmx.o)
 .text.memcpy.isra.0
                0x000000000800b8d8       0x14 ../lib-artnet/lib_gd32/libartnet.a(artnetnodehandledmx.o)
 .text._ZN8lightset4Data3GetEv
                0x000000000800b8ec       0x18 ../lib-artnet/lib_gd32/libartnet.a(artnetnodehandledmx.o)
                0x000000000800b8ec                lightset::Data::Get()
 .text._ZN8lightset4Data10SetSourceAEjPKhj
                0x000000000800b904       0x3c ../lib-artnet/lib_gd32/libartnet.a(artnetnodehandledmx.o)
                0x000000000800b904                lightset::Data::SetSourceA(unsigned int, unsigned char const*, unsigned int)
 .text._ZN8lightset4Data12MergeSourceAEjPKhjNS_9MergeModeE
                0x000000000800b940       0x52 ../lib-artnet/lib_gd32/libartnet.a(artnetnodehandledmx.o)
                0x000000000800b940                lightset::Data::MergeSourceA(unsigned int, unsigned char const*, unsigned int, lightset::MergeMode)
 .text._ZN8lightset4Data12MergeSourceBEjPKhjNS_9MergeModeE
                0x000000000800b992       0x54 ../lib-artnet/lib_gd32/libartnet.a(artnetnodehandledmx.o)
                0x000000000800b992                lightset::Data::MergeSourceB(unsigned int, unsigned char const*, unsigned int, lightset::MergeMode)
 .text._ZN10ArtNetNode17UpdateMergeStatusEj
                0x000000000800b9e6       0x22 ../lib-artnet/lib_gd32/libartnet.a(artnetnodehandledmx.o)
                0x000000000800b9e6                ArtNetNode::UpdateMergeStatus(unsigned int)
 .text._ZN10ArtNetNode18CheckMergeTimeoutsEj
                0x000000000800ba08       0x6a ../lib-artnet/lib_gd32/libartnet.a(artnetnodehandledmx.o)
                0x000000000800ba08                ArtNetNode::CheckMergeTimeouts(unsigned int)
 .text._ZN10ArtNetNode9HandleDmxEv
                0x000000000800ba72      0x1a0 ../lib-artnet/lib_gd32/libartnet.a(artnetnodehandledmx.o)
                0x000000000800ba72                ArtNetNode::HandleDmx()
 *fill*         0x000000000800bc12        0x2 
 .text._ZN10ArtNetNode16SetDestinationIpEjj
                0x000000000800bc14       0x30 ../lib-artnet/lib_gd32/libartnet.a(artnetnodehandledmxin.o)
                0x000000000800bc14                ArtNetNode::SetDestinationIp(unsigned int, unsigned int)
 .text._ZN10ArtNetNode11HandleDmxInEv
                0x000000000800bc44       0xf8 ../lib-artnet/lib_gd32/libartnet.a(artnetnodehandledmxin.o)
                0x000000000800bc44                ArtNetNode::HandleDmxIn()
 .text.memcmp.constprop.0
                0x000000000800bd3c       0x24 ../lib-artnet/lib_gd32/libartnet.a(artnetnodehandleipprog.o)
 .text.memcpy.constprop.0.isra.0
                0x000000000800bd60       0x14 ../lib-artnet/lib_gd32/libartnet.a(artnetnodehandleipprog.o)
 .text._ZN10ArtNetNode12HandleIpProgEv
                0x000000000800bd74      0x184 ../lib-artnet/lib_gd32/libartnet.a(artnetnodehandleipprog.o)
                0x000000000800bd74                ArtNetNode::HandleIpProg()
 .text.memcpy.isra.0
                0x000000000800bef8       0x14 ../lib-artnet/lib_gd32/libartnet.a(artnetnodehandlepoll.o)
 .text._ZN10ArtNetNode13FillPollReplyEv
                0x000000000800bf0c       0xd8 ../lib-artnet/lib_gd32/libartnet.a(artnetnodehandlepoll.o)
                0x000000000800bf0c                ArtNetNode::FillPollReply()
 .text._ZN10ArtNetNode17ProcessPollRelplyEjjRj
                0x000000000800bfe4       0xd6 ../lib-artnet/lib_gd32/libartnet.a(artnetnodehandlepoll.o)
                0x000000000800bfe4                ArtNetNode::ProcessPollRelply(unsigned int, unsigned int, unsigned int&)
 *fill*         0x000000000800c0ba        0x2 
 .text._ZN10ArtNetNode14SendPollRelplyEb
                0x000000000800c0bc       0x98 ../lib-artnet/lib_gd32/libartnet.a(artnetnodehandlepoll.o)
                0x000000000800c0bc                ArtNetNode::SendPollRelply(bool)
 .text._ZN10ArtNetNode10HandlePollEv
                0x000000000800c154       0x7a ../lib-artnet/lib_gd32/libartnet.a(artnetnodehandlepoll.o)
                0x000000000800c154                ArtNetNode::HandlePoll()
 .text.memcpy.isra.0
                0x000000000800c1ce       0x14 ../lib-artnet/lib_gd32/libartnet.a(artnetnodehandlerdm.o)
 .text._ZN10ArtNetNode6SetRmdEjb
                0x000000000800c1e2       0x38 ../lib-artnet/lib_gd32/libartnet.a(artnetnodehandlerdm.o)
                0x000000000800c1e2                ArtNetNode::SetRmd(unsigned int, bool)
 .text._ZN10ArtNetNode13HandleTodDataEv
                0x000000000800c21a        0x2 ../lib-artnet/lib_gd32/libartnet.a(artnetnodehandlerdm.o)
                0x000000000800c21a                ArtNetNode::HandleTodData()
 .text._ZN10ArtNetNode7SendTodEj
                0x000000000800c21c       0xc0 ../lib-artnet/lib_gd32/libartnet.a(artnetnodehandlerdm.o)
                0x000000000800c21c                ArtNetNode::SendTod(unsigned int)
 .text._ZN10ArtNetNode16HandleTodControlEv
                0x000000000800c2dc       0x78 ../lib-artnet/lib_gd32/libartnet.a(artnetnodehandlerdm.o)
                0x000000000800c2dc                ArtNetNode::HandleTodControl()
 .text._ZN10ArtNetNode16HandleTodRequestEv
                0x000000000800c354       0x6e ../lib-artnet/lib_gd32/libartnet.a(artnetnodehandlerdm.o)
                0x000000000800c354                ArtNetNode::HandleTodRequest()
 *fill*         0x000000000800c3c2        0x2 
 .text._ZN10ArtNetNode14SendTodRequestEj
                0x000000000800c3c4       0x84 ../lib-artnet/lib_gd32/libartnet.a(artnetnodehandlerdm.o)
                0x000000000800c3c4                ArtNetNode::SendTodRequest(unsigned int)
 .text._ZN10ArtNetNode13SetRdmHandlerEP9ArtNetRdmb
                0x000000000800c448       0x1c ../lib-artnet/lib_gd32/libartnet.a(artnetnodehandlerdm.o)
                0x000000000800c448                ArtNetNode::SetRdmHandler(ArtNetRdm*, bool)
 .text._ZN10ArtNetNode9HandleRdmEv
                0x000000000800c464       0xd2 ../lib-artnet/lib_gd32/libartnet.a(artnetnodehandlerdm.o)
                0x000000000800c464                ArtNetNode::HandleRdm()
 *fill*         0x000000000800c536        0x2 
 .text._ZN10ArtNetNode10HandleSyncEv
                0x000000000800c538       0x94 ../lib-artnet/lib_gd32/libartnet.a(artnetnodehandlesync.o)
                0x000000000800c538                ArtNetNode::HandleSync()
 .text._ZN10ArtNetNode14HandleTimeCodeEv
                0x000000000800c5cc        0xc ../lib-artnet/lib_gd32/libartnet.a(artnetnodehandletimecode.o)
                0x000000000800c5cc                ArtNetNode::HandleTimeCode()
 .text._ZN10ArtNetNode14HandleTimeSyncEv
                0x000000000800c5d8       0x44 ../lib-artnet/lib_gd32/libartnet.a(artnetnodehandletimesync.o)
                0x000000000800c5d8                ArtNetNode::HandleTimeSync()
 .text._ZN10ArtNetNode5PrintEv
                0x000000000800c61c      0x130 ../lib-artnet/lib_gd32/libartnet.a(artnetnodeprint.o)
                0x000000000800c61c                ArtNetNode::Print()
 .text.memcmp   0x000000000800c74c       0x28 ../lib-artnet/lib_gd32/libartnet.a(artnetparams.o)
 .text._ZN17PropertiesBuilder3AddIhEEbPKcT_bj.isra.0
                0x000000000800c774       0x50 ../lib-artnet/lib_gd32/libartnet.a(artnetparams.o)
 .text._ZN17PropertiesBuilder3AddIPKcEEbS2_T_bj.isra.0
                0x000000000800c7c4       0x50 ../lib-artnet/lib_gd32/libartnet.a(artnetparams.o)
 .text._ZN17PropertiesBuilder3AddEPKcb.isra.0
                0x000000000800c814       0x50 ../lib-artnet/lib_gd32/libartnet.a(artnetparams.o)
 .text.strncpy.isra.0
                0x000000000800c864       0x16 ../lib-artnet/lib_gd32/libartnet.a(artnetparams.o)
 *fill*         0x000000000800c87a        0x2 
 .text._ZN12ArtNetParamsC2EP17ArtNetParamsStore
                0x000000000800c87c       0x44 ../lib-artnet/lib_gd32/libartnet.a(artnetparams.o)
                0x000000000800c87c                ArtNetParams::ArtNetParams(ArtNetParamsStore*)
                0x000000000800c87c                ArtNetParams::ArtNetParams(ArtNetParamsStore*)
 .text._ZN12ArtNetParams4LoadEv
                0x000000000800c8c0       0x1c ../lib-artnet/lib_gd32/libartnet.a(artnetparams.o)
                0x000000000800c8c0                ArtNetParams::Load()
 .text._ZN12ArtNetParams4LoadEPKcj
                0x000000000800c8dc       0x44 ../lib-artnet/lib_gd32/libartnet.a(artnetparams.o)
                0x000000000800c8dc                ArtNetParams::Load(char const*, unsigned int)
 .text._ZN12ArtNetParams7SetBoolEhj
                0x000000000800c920       0x10 ../lib-artnet/lib_gd32/libartnet.a(artnetparams.o)
                0x000000000800c920                ArtNetParams::SetBool(unsigned char, unsigned int)
 .text._ZN12ArtNetParams16callbackFunctionEPKc
                0x000000000800c930      0x3d4 ../lib-artnet/lib_gd32/libartnet.a(artnetparams.o)
                0x000000000800c930                ArtNetParams::callbackFunction(char const*)
 .text._ZN12ArtNetParams22staticCallbackFunctionEPvPKc
                0x000000000800cd04        0x4 ../lib-artnet/lib_gd32/libartnet.a(artnetparams.o)
                0x000000000800cd04                ArtNetParams::staticCallbackFunction(void*, char const*)
 .text._ZN12ArtNetParams7BuilderEPKN12artnetparams6ParamsEPcjRj
                0x000000000800cd08      0x2e0 ../lib-artnet/lib_gd32/libartnet.a(artnetparams.o)
                0x000000000800cd08                ArtNetParams::Builder(artnetparams::Params const*, char*, unsigned int, unsigned int&)
 .text._ZN12ArtNetParams4SaveEPcjRj
                0x000000000800cfe8       0x1a ../lib-artnet/lib_gd32/libartnet.a(artnetparams.o)
                0x000000000800cfe8                ArtNetParams::Save(char*, unsigned int, unsigned int&)
 *fill*         0x000000000800d002        0x2 
 .text._ZN12ArtNetParams3SetEj
                0x000000000800d004      0x120 ../lib-artnet/lib_gd32/libartnet.a(artnetparams.o)
                0x000000000800d004                ArtNetParams::Set(unsigned int)
 .text._ZN12ArtNetParams4DumpEv
                0x000000000800d124        0x2 ../lib-artnet/lib_gd32/libartnet.a(artnetparamsdump.o)
                0x000000000800d124                ArtNetParams::Dump()
 *fill*         0x000000000800d126        0x2 
 .text._ZN10ArtNetNode13HandleTriggerEv
                0x000000000800d128       0x34 ../lib-artnet/lib_gd32/libartnet.a(artnettrigger.o)
                0x000000000800d128                ArtNetNode::HandleTrigger()
 .text._ZN4e131L24universe_to_multicast_ipEt
                0x000000000800d15c       0x24 ../lib-e131/lib_gd32/libe131.a(e131bridge.o)
 .text.memset.constprop.0.isra.0
                0x000000000800d180       0x10 ../lib-e131/lib_gd32/libe131.a(e131bridge.o)
 .text.memcpy.isra.0
                0x000000000800d190       0x14 ../lib-e131/lib_gd32/libe131.a(e131bridge.o)
 .text._ZN10E131BridgeC2Ev
                0x000000000800d1a4       0xd4 ../lib-e131/lib_gd32/libe131.a(e131bridge.o)
                0x000000000800d1a4                E131Bridge::E131Bridge()
                0x000000000800d1a4                E131Bridge::E131Bridge()
 .text._ZN10E131BridgeD2Ev
                0x000000000800d278        0x2 ../lib-e131/lib_gd32/libe131.a(e131bridge.o)
                0x000000000800d278                E131Bridge::~E131Bridge()
                0x000000000800d278                E131Bridge::~E131Bridge()
 *fill*         0x000000000800d27a        0x2 
 .text._ZN10E131Bridge5StartEv
                0x000000000800d27c       0x78 ../lib-e131/lib_gd32/libe131.a(e131bridge.o)
                0x000000000800d27c                E131Bridge::Start()
 .text._ZN10E131Bridge13LeaveUniverseEjt
                0x000000000800d2f4       0x40 ../lib-e131/lib_gd32/libe131.a(e131bridge.o)
                0x000000000800d2f4                E131Bridge::LeaveUniverse(unsigned int, unsigned short)
 .text._ZN10E131Bridge25SetSynchronizationAddressEbbt
                0x000000000800d334       0x54 ../lib-e131/lib_gd32/libe131.a(e131bridge.o)
                0x000000000800d334                E131Bridge::SetSynchronizationAddress(bool, bool, unsigned short)
 .text._ZN10E131Bridge11SetUniverseEjN8lightset7PortDirEt
                0x000000000800d388       0xf0 ../lib-e131/lib_gd32/libe131.a(e131bridge.o)
                0x000000000800d388                E131Bridge::SetUniverse(unsigned int, lightset::PortDir, unsigned short)
 .text._ZNK10E131Bridge11GetUniverseEjRtN8lightset7PortDirE
                0x000000000800d478       0x2e ../lib-e131/lib_gd32/libe131.a(e131bridge.o)
                0x000000000800d478                E131Bridge::GetUniverse(unsigned int, unsigned short&, lightset::PortDir) const
 .text._ZN10E131Bridge17UpdateMergeStatusEj
                0x000000000800d4a6       0x1e ../lib-e131/lib_gd32/libe131.a(e131bridge.o)
                0x000000000800d4a6                E131Bridge::UpdateMergeStatus(unsigned int)
 .text._ZN10E131Bridge18CheckMergeTimeoutsEj
                0x000000000800d4c4       0x76 ../lib-e131/lib_gd32/libe131.a(e131bridge.o)
                0x000000000800d4c4                E131Bridge::CheckMergeTimeouts(unsigned int)
 .text._ZNK10E131Bridge17IsPriorityTimeOutEj
                0x000000000800d53a       0x4a ../lib-e131/lib_gd32/libe131.a(e131bridge.o)
                0x000000000800d53a                E131Bridge::IsPriorityTimeOut(unsigned int) const
 .text._ZNK10E131Bridge12isIpCidMatchEPKN10e131bridge6SourceE
                0x000000000800d584       0x2a ../lib-e131/lib_gd32/libe131.a(e131bridge.o)
                0x000000000800d584                E131Bridge::isIpCidMatch(e131bridge::Source const*) const
 *fill*         0x000000000800d5ae        0x2 
 .text._ZN10E131Bridge27SetNetworkDataLossConditionEbb
                0x000000000800d5b0      0x148 ../lib-e131/lib_gd32/libe131.a(e131bridge.o)
                0x000000000800d5b0                E131Bridge::SetNetworkDataLossCondition(bool, bool)
 .text._ZN10E131Bridge9HandleDmxEv
                0x000000000800d6f8      0x300 ../lib-e131/lib_gd32/libe131.a(e131bridge.o)
                0x000000000800d6f8                E131Bridge::HandleDmx()
 .text._ZN10E131Bridge11IsValidRootEv
                0x000000000800d9f8       0x3c ../lib-e131/lib_gd32/libe131.a(e131bridge.o)
                0x000000000800d9f8                E131Bridge::IsValidRoot()
 .text._ZN10E131Bridge17IsValidDataPacketEv
                0x000000000800da34       0x28 ../lib-e131/lib_gd32/libe131.a(e131bridge.o)
                0x000000000800da34                E131Bridge::IsValidDataPacket()
 .text._ZN10E131Bridge3RunEv
                0x000000000800da5c      0x110 ../lib-e131/lib_gd32/libe131.a(e131bridge.o)
                0x000000000800da5c                E131Bridge::Run()
 .text._ZN10E131Bridge19FillDiscoveryPacketEv
                0x000000000800db6c       0xd8 ../lib-e131/lib_gd32/libe131.a(e131bridgediscoverypacket.o)
                0x000000000800db6c                E131Bridge::FillDiscoveryPacket()
 .text._ZN10E131Bridge19SendDiscoveryPacketEv
                0x000000000800dc44       0x76 ../lib-e131/lib_gd32/libe131.a(e131bridgediscoverypacket.o)
                0x000000000800dc44                E131Bridge::SendDiscoveryPacket()
 .text.memcpy.isra.0
                0x000000000800dcba       0x14 ../lib-e131/lib_gd32/libe131.a(e131bridgehandledmxin.o)
 *fill*         0x000000000800dcce        0x2 
 .text._ZN10E131Bridge14FillDataPacketEv
                0x000000000800dcd0       0x8c ../lib-e131/lib_gd32/libe131.a(e131bridgehandledmxin.o)
                0x000000000800dcd0                E131Bridge::FillDataPacket()
 .text._ZN10E131Bridge11HandleDmxInEv
                0x000000000800dd5c       0xf8 ../lib-e131/lib_gd32/libe131.a(e131bridgehandledmxin.o)
                0x000000000800dd5c                E131Bridge::HandleDmxIn()
 .text._ZN10E131Bridge21HandleSynchronizationEv
                0x000000000800de54       0xb8 ../lib-e131/lib_gd32/libe131.a(e131bridgehandlesynchronization.o)
                0x000000000800de54                E131Bridge::HandleSynchronization()
 .text._ZN10E131Bridge5PrintEv
                0x000000000800df0c       0xf4 ../lib-e131/lib_gd32/libe131.a(e131bridgeprint.o)
                0x000000000800df0c                E131Bridge::Print()
 .text.memcmp   0x000000000800e000       0x28 ../lib-e131/lib_gd32/libe131.a(e131params.o)
 .text._ZN17PropertiesBuilder3AddIPKcEEbS2_T_bj.isra.0
                0x000000000800e028       0x50 ../lib-e131/lib_gd32/libe131.a(e131params.o)
 .text._ZN10E131ParamsC2EP15E131ParamsStore
                0x000000000800e078       0x3c ../lib-e131/lib_gd32/libe131.a(e131params.o)
                0x000000000800e078                E131Params::E131Params(E131ParamsStore*)
                0x000000000800e078                E131Params::E131Params(E131ParamsStore*)
 .text._ZN10E131Params4LoadEPKcj
                0x000000000800e0b4       0x40 ../lib-e131/lib_gd32/libe131.a(e131params.o)
                0x000000000800e0b4                E131Params::Load(char const*, unsigned int)
 .text._ZN10E131Params16callbackFunctionEPKc
                0x000000000800e0f4      0x29c ../lib-e131/lib_gd32/libe131.a(e131params.o)
                0x000000000800e0f4                E131Params::callbackFunction(char const*)
 .text._ZN10E131Params22staticCallbackFunctionEPvPKc
                0x000000000800e390        0x4 ../lib-e131/lib_gd32/libe131.a(e131params.o)
                0x000000000800e390                E131Params::staticCallbackFunction(void*, char const*)
 .text._ZN10E131Params7BuilderEPKN10e131params6ParamsEPcjRj
                0x000000000800e394      0x2b0 ../lib-e131/lib_gd32/libe131.a(e131params.o)
                0x000000000800e394                E131Params::Builder(e131params::Params const*, char*, unsigned int, unsigned int&)
 .text._ZN10E131Params4SaveEPcjRj
                0x000000000800e644       0x1a ../lib-e131/lib_gd32/libe131.a(e131params.o)
                0x000000000800e644                E131Params::Save(char*, unsigned int, unsigned int&)
 *fill*         0x000000000800e65e        0x2 
 .text._ZN19ArtNetRdmController11GetUidCountEj
                0x000000000800e660       0x10 ../lib-rdmdiscovery/lib_gd32/librdmdiscovery.a(artnetrdmcontroller.o)
                0x000000000800e660                ArtNetRdmController::GetUidCount(unsigned int)
 .text._ZN19ArtNetRdmController4CopyEjPh
                0x000000000800e670       0x28 ../lib-rdmdiscovery/lib_gd32/librdmdiscovery.a(artnetrdmcontroller.o)
                0x000000000800e670                ArtNetRdmController::Copy(unsigned int, unsigned char*)
 .text._ZN19ArtNetRdmController4FullEj
                0x000000000800e698       0x10 ../lib-rdmdiscovery/lib_gd32/librdmdiscovery.a(artnetrdmcontroller.o)
                0x000000000800e698                ArtNetRdmController::Full(unsigned int)
 .text._ZN19ArtNetRdmControllerD2Ev
                0x000000000800e6a8       0x4c ../lib-rdmdiscovery/lib_gd32/librdmdiscovery.a(artnetrdmcontroller.o)
                0x000000000800e6a8                ArtNetRdmController::~ArtNetRdmController()
                0x000000000800e6a8                ArtNetRdmController::~ArtNetRdmController()
 .text._ZN19ArtNetRdmControllerD0Ev
                0x000000000800e6f4       0x12 ../lib-rdmdiscovery/lib_gd32/librdmdiscovery.a(artnetrdmcontroller.o)
                0x000000000800e6f4                ArtNetRdmController::~ArtNetRdmController()
 *fill*         0x000000000800e706        0x2 
 .text._ZN19ArtNetRdmController7HandlerEjPKh
                0x000000000800e708       0x50 ../lib-rdmdiscovery/lib_gd32/librdmdiscovery.a(artnetrdmcontroller.o)
                0x000000000800e708                ArtNetRdmController::Handler(unsigned int, unsigned char const*)
 .text._ZN19ArtNetRdmControllerC2Ej
                0x000000000800e758       0xa8 ../lib-rdmdiscovery/lib_gd32/librdmdiscovery.a(artnetrdmcontroller.o)
                0x000000000800e758                ArtNetRdmController::ArtNetRdmController(unsigned int)
                0x000000000800e758                ArtNetRdmController::ArtNetRdmController(unsigned int)
 .text.memcmp.constprop.0
                0x000000000800e800       0x20 ../lib-rdmdiscovery/lib_gd32/librdmdiscovery.a(rdmdiscovery.o)
 .text.memcpy.constprop.0.isra.0
                0x000000000800e820       0x14 ../lib-rdmdiscovery/lib_gd32/librdmdiscovery.a(rdmdiscovery.o)
 .text._ZN6RDMTod6AddUidEPKh.isra.0
                0x000000000800e834       0x42 ../lib-rdmdiscovery/lib_gd32/librdmdiscovery.a(rdmdiscovery.o)
 *fill*         0x000000000800e876        0x2 
 .text._ZN12RDMDiscovery8PrintUidEPKh
                0x000000000800e878       0x24 ../lib-rdmdiscovery/lib_gd32/librdmdiscovery.a(rdmdiscovery.o)
                0x000000000800e878                RDMDiscovery::PrintUid(unsigned char const*)
 .text._ZN12RDMDiscoveryC2EPKh
                0x000000000800e89c       0x40 ../lib-rdmdiscovery/lib_gd32/librdmdiscovery.a(rdmdiscovery.o)
                0x000000000800e89c                RDMDiscovery::RDMDiscovery(unsigned char const*)
                0x000000000800e89c                RDMDiscovery::RDMDiscovery(unsigned char const*)
 .text._ZN12RDMDiscovery8PrintUidEy
                0x000000000800e8dc       0x1c ../lib-rdmdiscovery/lib_gd32/librdmdiscovery.a(rdmdiscovery.o)
                0x000000000800e8dc                RDMDiscovery::PrintUid(unsigned long long)
 .text._ZN12RDMDiscovery24IsValidDiscoveryResponseEPKhPh
                0x000000000800e8f8       0x9c ../lib-rdmdiscovery/lib_gd32/librdmdiscovery.a(rdmdiscovery.o)
                0x000000000800e8f8                RDMDiscovery::IsValidDiscoveryResponse(unsigned char const*, unsigned char*)
 .text._ZN12RDMDiscovery9QuickFindEPKh
                0x000000000800e994      0x100 ../lib-rdmdiscovery/lib_gd32/librdmdiscovery.a(rdmdiscovery.o)
                0x000000000800e994                RDMDiscovery::QuickFind(unsigned char const*)
 .text._ZN12RDMDiscovery11FindDevicesEyy
                0x000000000800ea94      0x1d0 ../lib-rdmdiscovery/lib_gd32/librdmdiscovery.a(rdmdiscovery.o)
                0x000000000800ea94                RDMDiscovery::FindDevices(unsigned long long, unsigned long long)
 .text._ZN12RDMDiscovery4FullEjP6RDMTod
                0x000000000800ec64      0x10c ../lib-rdmdiscovery/lib_gd32/librdmdiscovery.a(rdmdiscovery.o)
                0x000000000800ec64                RDMDiscovery::Full(unsigned int, RDMTod*)
 .text._ZN9RDMDeviceC2Ev
                0x000000000800ed70       0xe8 ../lib-rdm/lib_gd32/librdm.a(rdmdevice.o)
                0x000000000800ed70                RDMDevice::RDMDevice()
                0x000000000800ed70                RDMDevice::RDMDevice()
 .text._ZN9RDMDevice5PrintEv
                0x000000000800ee58       0x84 ../lib-rdm/lib_gd32/librdm.a(rdmdevice.o)
                0x000000000800ee58                RDMDevice::Print()
 .text.memcpy.isra.0
                0x000000000800eedc        0x4 ../lib-rdm/lib_gd32/librdm.a(rdmdeviceparams.o)
 .text._ZN15RDMDeviceParamsC2EP20RDMDeviceParamsStore
                0x000000000800eee0       0x24 ../lib-rdm/lib_gd32/librdm.a(rdmdeviceparams.o)
                0x000000000800eee0                RDMDeviceParams::RDMDeviceParams(RDMDeviceParamsStore*)
                0x000000000800eee0                RDMDeviceParams::RDMDeviceParams(RDMDeviceParamsStore*)
 .text._ZN15RDMDeviceParams4LoadEv
                0x000000000800ef04       0x16 ../lib-rdm/lib_gd32/librdm.a(rdmdeviceparams.o)
                0x000000000800ef04                RDMDeviceParams::Load()
 .text._ZN15RDMDeviceParams3SetEP9RDMDevice
                0x000000000800ef1a       0x6e ../lib-rdm/lib_gd32/librdm.a(rdmdeviceparams.o)
                0x000000000800ef1a                RDMDeviceParams::Set(RDMDevice*)
 .text._ZN15RDMDeviceParams4DumpEv
                0x000000000800ef88        0x2 ../lib-rdm/lib_gd32/librdm.a(rdmdeviceparams.o)
                0x000000000800ef88                RDMDeviceParams::Dump()
 .text.memcpy.isra.0
                0x000000000800ef8a       0x14 ../lib-rdm/lib_gd32/librdm.a(rdmmessage.o)
 *fill*         0x000000000800ef9e        0x2 
 .text._ZN10RDMMessageC2Ev
                0x000000000800efa0       0x38 ../lib-rdm/lib_gd32/librdm.a(rdmmessage.o)
                0x000000000800efa0                RDMMessage::RDMMessage()
                0x000000000800efa0                RDMMessage::RDMMessage()
 .text._ZN10RDMMessage9SetSrcUidEPKh
                0x000000000800efd8        0x8 ../lib-rdm/lib_gd32/librdm.a(rdmmessage.o)
                0x000000000800efd8                RDMMessage::SetSrcUid(unsigned char const*)
 .text._ZN10RDMMessage9SetDstUidEPKh
                0x000000000800efe0        0x8 ../lib-rdm/lib_gd32/librdm.a(rdmmessage.o)
                0x000000000800efe0                RDMMessage::SetDstUid(unsigned char const*)
 .text._ZN10RDMMessage5SetCcEh
                0x000000000800efe8        0x4 ../lib-rdm/lib_gd32/librdm.a(rdmmessage.o)
                0x000000000800efe8                RDMMessage::SetCc(unsigned char)
 .text._ZN10RDMMessage6SetPidEt
                0x000000000800efec        0x8 ../lib-rdm/lib_gd32/librdm.a(rdmmessage.o)
                0x000000000800efec                RDMMessage::SetPid(unsigned short)
 .text._ZN10RDMMessage5SetPdEPKhh
                0x000000000800eff4       0x24 ../lib-rdm/lib_gd32/librdm.a(rdmmessage.o)
                0x000000000800eff4                RDMMessage::SetPd(unsigned char const*, unsigned char)
 .text._ZN10RDMMessage4SendEjj
                0x000000000800f018        0xa ../lib-rdm/lib_gd32/librdm.a(rdmmessage.o)
                0x000000000800f018                RDMMessage::Send(unsigned int, unsigned int)
 *fill*         0x000000000800f022        0x2 
 .text._ZN10RDMMessage5PrintEPKh
                0x000000000800f024      0x104 ../lib-rdm/lib_gd32/librdm.a(rdmmessageprint.o)
                0x000000000800f024                RDMMessage::Print(unsigned char const*)
 .text.uuid_unparse_x
                0x000000000800f128       0x86 ../lib-uuid/lib_gd32/libuuid.a(uuid_unparse.o)
 *fill*         0x000000000800f1ae        0x2 
 .text.uuid_unparse
                0x000000000800f1b0        0xc ../lib-uuid/lib_gd32/libuuid.a(uuid_unparse.o)
                0x000000000800f1b0                uuid_unparse
 .text._ZN7DmxSendD2Ev
                0x000000000800f1bc        0x2 ../lib-dmxsend/lib_gd32/libdmxsend.a(dmxsend.o)
                0x000000000800f1bc                DmxSend::~DmxSend()
                0x000000000800f1bc                DmxSend::~DmxSend()
 *fill*         0x000000000800f1be        0x2 
 .text._ZN7DmxSend5StartEj
                0x000000000800f1c0       0x30 ../lib-dmxsend/lib_gd32/libdmxsend.a(dmxsend.o)
                0x000000000800f1c0                DmxSend::Start(unsigned int)
 .text._ZN7DmxSend4StopEj
                0x000000000800f1f0       0x38 ../lib-dmxsend/lib_gd32/libdmxsend.a(dmxsend.o)
                0x000000000800f1f0                DmxSend::Stop(unsigned int)
 .text._ZN7DmxSend7SetDataEjPKhj
                0x000000000800f228       0x10 ../lib-dmxsend/lib_gd32/libdmxsend.a(dmxsend.o)
                0x000000000800f228                DmxSend::SetData(unsigned int, unsigned char const*, unsigned int)
 .text._ZN7DmxSend8BlackoutEb
                0x000000000800f238        0xc ../lib-dmxsend/lib_gd32/libdmxsend.a(dmxsend.o)
                0x000000000800f238                DmxSend::Blackout(bool)
 .text._ZN7DmxSend6FullOnEv
                0x000000000800f244        0xc ../lib-dmxsend/lib_gd32/libdmxsend.a(dmxsend.o)
                0x000000000800f244                DmxSend::FullOn()
 .text._ZN7DmxSend5PrintEv
                0x000000000800f250       0x58 ../lib-dmxsend/lib_gd32/libdmxsend.a(dmxsend.o)
                0x000000000800f250                DmxSend::Print()
 .text._ZN7DmxSendD0Ev
                0x000000000800f2a8        0xc ../lib-dmxsend/lib_gd32/libdmxsend.a(dmxsend.o)
                0x000000000800f2a8                DmxSend::~DmxSend()
 .text._ZN17PropertiesBuilder3AddItEEbPKcT_bj.isra.0
                0x000000000800f2b4       0x50 ../lib-dmx/lib_gd32/libdmx.a(dmxparams.o)
 .text._ZN9DmxParamsC2EP14DmxParamsStore
                0x000000000800f304       0x18 ../lib-dmx/lib_gd32/libdmx.a(dmxparams.o)
                0x000000000800f304                DmxParams::DmxParams(DmxParamsStore*)
                0x000000000800f304                DmxParams::DmxParams(DmxParamsStore*)
 .text._ZN9DmxParams4LoadEv
                0x000000000800f31c       0x18 ../lib-dmx/lib_gd32/libdmx.a(dmxparams.o)
                0x000000000800f31c                DmxParams::Load()
 .text._ZN9DmxParams4LoadEPKcj
                0x000000000800f334       0x40 ../lib-dmx/lib_gd32/libdmx.a(dmxparams.o)
                0x000000000800f334                DmxParams::Load(char const*, unsigned int)
 .text._ZN9DmxParams16callbackFunctionEPKc
                0x000000000800f374       0xcc ../lib-dmx/lib_gd32/libdmx.a(dmxparams.o)
                0x000000000800f374                DmxParams::callbackFunction(char const*)
 .text._ZN9DmxParams22staticCallbackFunctionEPvPKc
                0x000000000800f440        0x4 ../lib-dmx/lib_gd32/libdmx.a(dmxparams.o)
                0x000000000800f440                DmxParams::staticCallbackFunction(void*, char const*)
 .text._ZN9DmxParams7BuilderEPK10TDmxParamsPcjRj
                0x000000000800f444      0x104 ../lib-dmx/lib_gd32/libdmx.a(dmxparams.o)
                0x000000000800f444                DmxParams::Builder(TDmxParams const*, char*, unsigned int, unsigned int&)
 .text._ZN9DmxParams4SaveEPcjRj
                0x000000000800f548       0x1a ../lib-dmx/lib_gd32/libdmx.a(dmxparams.o)
                0x000000000800f548                DmxParams::Save(char*, unsigned int, unsigned int&)
 *fill*         0x000000000800f562        0x2 
 .text._ZN9DmxParams3SetEP3Dmx
                0x000000000800f564       0x5c ../lib-dmx/lib_gd32/libdmx.a(dmxparams.o)
                0x000000000800f564                DmxParams::Set(Dmx*)
 .text._ZN9DmxParams4DumpEv
                0x000000000800f5c0        0x2 ../lib-dmx/lib_gd32/libdmx.a(dmxparams.o)
                0x000000000800f5c0                DmxParams::Dump()
 *fill*         0x000000000800f5c2        0x2 
 .text._ZN3Rdm7ReceiveEj
                0x000000000800f5c4       0x10 ../lib-dmx/lib_gd32/libdmx.a(rdm.o)
                0x000000000800f5c4                Rdm::Receive(unsigned int)
 .text._ZN3Rdm14ReceiveTimeOutEjt
                0x000000000800f5d4       0x10 ../lib-dmx/lib_gd32/libdmx.a(rdm.o)
                0x000000000800f5d4                Rdm::ReceiveTimeOut(unsigned int, unsigned short)
 .text._ZN3Rdm7SendRawEjPKhj
                0x000000000800f5e4       0x40 ../lib-dmx/lib_gd32/libdmx.a(rdm.o)
                0x000000000800f5e4                Rdm::SendRaw(unsigned int, unsigned char const*, unsigned int)
 .text._ZL13_port_to_uartj
                0x000000000800f624       0x18 ../lib-dmx/lib_gd32/libdmx.a(dmx.o)
 .text._ZL25irq_handler_dmx_rdm_inputjj
                0x000000000800f63c      0x278 ../lib-dmx/lib_gd32/libdmx.a(dmx.o)
 .text._ZL17_gpio_mode_outputjj.constprop.0
                0x000000000800f8b4       0x28 ../lib-dmx/lib_gd32/libdmx.a(dmx.o)
 .text.USART2_IRQHandler
                0x000000000800f8dc        0xc ../lib-dmx/lib_gd32/libdmx.a(dmx.o)
                0x000000000800f8dc                USART2_IRQHandler
 .text.USART5_IRQHandler
                0x000000000800f8e8        0xc ../lib-dmx/lib_gd32/libdmx.a(dmx.o)
                0x000000000800f8e8                USART5_IRQHandler
 .text.TIMER1_IRQHandler
                0x000000000800f8f4      0x140 ../lib-dmx/lib_gd32/libdmx.a(dmx.o)
                0x000000000800f8f4                TIMER1_IRQHandler
 .text.TIMER2_IRQHandler
                0x000000000800fa34       0xa4 ../lib-dmx/lib_gd32/libdmx.a(dmx.o)
                0x000000000800fa34                TIMER2_IRQHandler
 .text.TIMER3_IRQHandler
                0x000000000800fad8       0x14 ../lib-dmx/lib_gd32/libdmx.a(dmx.o)
                0x000000000800fad8                TIMER3_IRQHandler
 .text.TIMER6_IRQHandler
                0x000000000800faec       0x2c ../lib-dmx/lib_gd32/libdmx.a(dmx.o)
                0x000000000800faec                TIMER6_IRQHandler
 .text._ZN3Dmx9ClearDataEj
                0x000000000800fb18       0x30 ../lib-dmx/lib_gd32/libdmx.a(dmx.o)
                0x000000000800fb18                Dmx::ClearData(unsigned int)
 .text._ZN3Dmx9StartDataEjj
                0x000000000800fb48      0x154 ../lib-dmx/lib_gd32/libdmx.a(dmx.o)
                0x000000000800fb48                Dmx::StartData(unsigned int, unsigned int)
 .text._ZN3Dmx8StopDataEjj
                0x000000000800fc9c       0xa4 ../lib-dmx/lib_gd32/libdmx.a(dmx.o)
                0x000000000800fc9c                Dmx::StopData(unsigned int, unsigned int)
 .text._ZN3Dmx16SetPortDirectionEjN3dmx13PortDirectionEb
                0x000000000800fd40       0x78 ../lib-dmx/lib_gd32/libdmx.a(dmx.o)
                0x000000000800fd40                Dmx::SetPortDirection(unsigned int, dmx::PortDirection, bool)
 .text._ZN3DmxC2Ev
                0x000000000800fdb8      0x22c ../lib-dmx/lib_gd32/libdmx.a(dmx.o)
                0x000000000800fdb8                Dmx::Dmx()
                0x000000000800fdb8                Dmx::Dmx()
 .text._ZN3Dmx16SetDmxPeriodTimeEj
                0x000000000800ffe4       0x50 ../lib-dmx/lib_gd32/libdmx.a(dmx.o)
                0x000000000800ffe4                Dmx::SetDmxPeriodTime(unsigned int)
 .text._ZN3Dmx15SetDmxBreakTimeEj
                0x0000000008010034       0x14 ../lib-dmx/lib_gd32/libdmx.a(dmx.o)
                0x0000000008010034                Dmx::SetDmxBreakTime(unsigned int)
 .text._ZN3Dmx13SetDmxMabTimeEj
                0x0000000008010048       0x14 ../lib-dmx/lib_gd32/libdmx.a(dmx.o)
                0x0000000008010048                Dmx::SetDmxMabTime(unsigned int)
 .text._ZN3Dmx11SetDmxSlotsEt
                0x000000000801005c       0x2a ../lib-dmx/lib_gd32/libdmx.a(dmx.o)
                0x000000000801005c                Dmx::SetDmxSlots(unsigned short)
 *fill*         0x0000000008010086        0x2 
 .text._ZN3Dmx24SetPortSendDataWithoutSCEjPKhj
                0x0000000008010088       0x4c ../lib-dmx/lib_gd32/libdmx.a(dmx.o)
                0x0000000008010088                Dmx::SetPortSendDataWithoutSC(unsigned int, unsigned char const*, unsigned int)
 .text._ZN3Dmx8BlackoutEv
                0x00000000080100d4       0x88 ../lib-dmx/lib_gd32/libdmx.a(dmx.o)
                0x00000000080100d4                Dmx::Blackout()
 .text._ZN3Dmx6FullOnEv
                0x000000000801015c       0x88 ../lib-dmx/lib_gd32/libdmx.a(dmx.o)
                0x000000000801015c                Dmx::FullOn()
 .text._ZN3Dmx15GetDmxAvailableEj
                0x00000000080101e4       0x28 ../lib-dmx/lib_gd32/libdmx.a(dmx.o)
                0x00000000080101e4                Dmx::GetDmxAvailable(unsigned int)
 .text._ZN3Dmx19GetUpdatesPerSecondEj
                0x000000000801020c       0x10 ../lib-dmx/lib_gd32/libdmx.a(dmx.o)
                0x000000000801020c                Dmx::GetUpdatesPerSecond(unsigned int)
 .text._ZN3Dmx10RdmSendRawEjPKhj
                0x000000000801021c       0xb8 ../lib-dmx/lib_gd32/libdmx.a(dmx.o)
                0x000000000801021c                Dmx::RdmSendRaw(unsigned int, unsigned char const*, unsigned int)
 .text._ZN3Dmx10RdmReceiveEj
                0x00000000080102d4       0x24 ../lib-dmx/lib_gd32/libdmx.a(dmx.o)
                0x00000000080102d4                Dmx::RdmReceive(unsigned int)
 .text._ZN3Dmx17RdmReceiveTimeOutEjt
                0x00000000080102f8       0x24 ../lib-dmx/lib_gd32/libdmx.a(dmx.o)
                0x00000000080102f8                Dmx::RdmReceiveTimeOut(unsigned int, unsigned short)
 .text._ZN3Rdm4SendEjP11TRdmMessagej
                0x000000000801031c       0x74 ../lib-dmx/lib_gd32/libdmx.a(rdm.o)
                0x000000000801031c                Rdm::Send(unsigned int, TRdmMessage*, unsigned int)
 .text.net_set_ip
                0x0000000008010390       0x20 ../lib-network/lib_gd32/libnetwork.a(net.o)
                0x0000000008010390                net_set_ip
 .text.net_set_gw
                0x00000000080103b0       0x10 ../lib-network/lib_gd32/libnetwork.a(net.o)
                0x00000000080103b0                net_set_gw
 .text.net_set_dhcp
                0x00000000080103c0       0x58 ../lib-network/lib_gd32/libnetwork.a(net.o)
                0x00000000080103c0                net_set_dhcp
 .text.net_dhcp_release
                0x0000000008010418       0x14 ../lib-network/lib_gd32/libnetwork.a(net.o)
                0x0000000008010418                net_dhcp_release
 .text.net_timers_run
                0x000000000801042c       0x20 ../lib-network/lib_gd32/libnetwork.a(net_timers.o)
                0x000000000801042c                net_timers_run
 .text.rfc3927  0x000000000801044c       0x80 ../lib-network/lib_gd32/libnetwork.a(rfc3927.o)
                0x000000000801044c                rfc3927
 .text._init_tcb
                0x00000000080104cc       0x34 ../lib-network/lib_gd32/libnetwork.a(tcp.o)
 .text.memcpy.isra.0
                0x0000000008010500       0x14 ../lib-network/lib_gd32/libnetwork.a(tcp.o)
 .text._bswap32
                0x0000000008010514       0x4a ../lib-network/lib_gd32/libnetwork.a(tcp.o)
 *fill*         0x000000000801055e        0x2 
 .text._tcp_send_package
                0x0000000008010560      0x148 ../lib-network/lib_gd32/libnetwork.a(tcp.o)
 .text._send_reset
                0x00000000080106a8       0x60 ../lib-network/lib_gd32/libnetwork.a(tcp.o)
 .text.tcp_begin
                0x0000000008010708       0x3c ../lib-network/lib_gd32/libnetwork.a(tcp.o)
                0x0000000008010708                tcp_begin
 .text.tcp_write
                0x0000000008010744       0x5c ../lib-network/lib_gd32/libnetwork.a(tcp.o)
                0x0000000008010744                tcp_write
 .text.tcp_read
                0x00000000080107a0       0x94 ../lib-network/lib_gd32/libnetwork.a(tcp.o)
                0x00000000080107a0                tcp_read
 .text.memcpy.isra.0
                0x0000000008010834       0x14 ../lib-network/lib_gd32/libnetwork.a(udp.o)
 .text.net_memcpy
                0x0000000008010848       0x3c ../lib-network/lib_gd32/libnetwork.a(udp.o)
                0x0000000008010848                net_memcpy
 .text.udp_set_ip
                0x0000000008010884       0x40 ../lib-network/lib_gd32/libnetwork.a(udp.o)
                0x0000000008010884                udp_set_ip
 .text.udp_bind
                0x00000000080108c4       0x34 ../lib-network/lib_gd32/libnetwork.a(udp.o)
                0x00000000080108c4                udp_bind
 .text.udp_unbind
                0x00000000080108f8       0x40 ../lib-network/lib_gd32/libnetwork.a(udp.o)
                0x00000000080108f8                udp_unbind
 .text.udp_recv
                0x0000000008010938       0x6c ../lib-network/lib_gd32/libnetwork.a(udp.o)
                0x0000000008010938                udp_recv
 .text.udp_recv2
                0x00000000080109a4       0x4c ../lib-network/lib_gd32/libnetwork.a(udp.o)
                0x00000000080109a4                udp_recv2
 .text.udp_send
                0x00000000080109f0      0x160 ../lib-network/lib_gd32/libnetwork.a(udp.o)
                0x00000000080109f0                udp_send
 .text.strlen   0x0000000008010b50       0x10 ../lib-network/lib_gd32/libnetwork.a(mdns.o)
 .text.strcmp   0x0000000008010b60       0x1a ../lib-network/lib_gd32/libnetwork.a(mdns.o)
 .text.strcpy.isra.0
                0x0000000008010b7a       0x10 ../lib-network/lib_gd32/libnetwork.a(mdns.o)
 .text.strcat.isra.0
                0x0000000008010b8a       0x18 ../lib-network/lib_gd32/libnetwork.a(mdns.o)
 *fill*         0x0000000008010ba2        0x2 
 .text._ZN4MDNSC2Ev
                0x0000000008010ba4       0x20 ../lib-network/lib_gd32/libnetwork.a(mdns.o)
                0x0000000008010ba4                MDNS::MDNS()
                0x0000000008010ba4                MDNS::MDNS()
 .text._ZN4MDNS7SetNameEPKc
                0x0000000008010bc4       0x38 ../lib-network/lib_gd32/libnetwork.a(mdns.o)
                0x0000000008010bc4                MDNS::SetName(char const*)
 .text._ZN4MDNS21DecodeDNSNameNotationEPKcPc
                0x0000000008010bfc       0x84 ../lib-network/lib_gd32/libnetwork.a(mdns.o)
                0x0000000008010bfc                MDNS::DecodeDNSNameNotation(char const*, char*)
 .text._ZNK4MDNS21FindFirstDotFromRightEPKc
                0x0000000008010c80       0x1c ../lib-network/lib_gd32/libnetwork.a(mdns.o)
                0x0000000008010c80                MDNS::FindFirstDotFromRight(char const*) const
 .text._ZN4MDNS12WriteDnsNameEPKcPcb
                0x0000000008010c9c       0x32 ../lib-network/lib_gd32/libnetwork.a(mdns.o)
                0x0000000008010c9c                MDNS::WriteDnsName(char const*, char*, bool)
 *fill*         0x0000000008010cce        0x2 
 .text._ZN4MDNS26CreateAnswerLocalIpAddressEv
                0x0000000008010cd0       0x54 ../lib-network/lib_gd32/libnetwork.a(mdns.o)
                0x0000000008010cd0                MDNS::CreateAnswerLocalIpAddress()
 .text._ZN4MDNS5StartEv
                0x0000000008010d24       0x90 ../lib-network/lib_gd32/libnetwork.a(mdns.o)
                0x0000000008010d24                MDNS::Start()
 .text._ZN4MDNS22CreateAnswerServiceSrvEjPh
                0x0000000008010db4       0x88 ../lib-network/lib_gd32/libnetwork.a(mdns.o)
                0x0000000008010db4                MDNS::CreateAnswerServiceSrv(unsigned int, unsigned char*)
 .text._ZN4MDNS22CreateAnswerServiceTxtEjPh
                0x0000000008010e3c       0x7c ../lib-network/lib_gd32/libnetwork.a(mdns.o)
                0x0000000008010e3c                MDNS::CreateAnswerServiceTxt(unsigned int, unsigned char*)
 .text._ZN4MDNS22CreateAnswerServicePtrEjPh
                0x0000000008010eb8       0x7c ../lib-network/lib_gd32/libnetwork.a(mdns.o)
                0x0000000008010eb8                MDNS::CreateAnswerServicePtr(unsigned int, unsigned char*)
 .text._ZN4MDNS24CreateAnswerServiceDnsSdEjPh
                0x0000000008010f34       0x54 ../lib-network/lib_gd32/libnetwork.a(mdns.o)
                0x0000000008010f34                MDNS::CreateAnswerServiceDnsSd(unsigned int, unsigned char*)
 .text._ZN4MDNS17CreateMDNSMessageEj
                0x0000000008010f88       0x78 ../lib-network/lib_gd32/libnetwork.a(mdns.o)
                0x0000000008010f88                MDNS::CreateMDNSMessage(unsigned int)
 .text._ZN4MDNS16AddServiceRecordEPKcS1_tN4mdns8ProtocolES1_
                0x0000000008011000      0x12c ../lib-network/lib_gd32/libnetwork.a(mdns.o)
                0x0000000008011000                MDNS::AddServiceRecord(char const*, char const*, unsigned short, mdns::Protocol, char const*)
 .text._ZN4MDNS13HandleRequestEt
                0x000000000801112c       0xf4 ../lib-network/lib_gd32/libnetwork.a(mdns.o)
                0x000000000801112c                MDNS::HandleRequest(unsigned short)
 .text._ZN4MDNS5ParseEv
                0x0000000008011220       0x28 ../lib-network/lib_gd32/libnetwork.a(mdns.o)
                0x0000000008011220                MDNS::Parse()
 .text._ZN4MDNS3RunEv
                0x0000000008011248       0x48 ../lib-network/lib_gd32/libnetwork.a(mdns.o)
                0x0000000008011248                MDNS::Run()
 .text._ZN4MDNS5PrintEv
                0x0000000008011290       0x7c ../lib-network/lib_gd32/libnetwork.a(mdns.o)
                0x0000000008011290                MDNS::Print()
 .text.strncpy.constprop.0.isra.0
                0x000000000801130c       0x20 ../lib-network/lib_gd32/libnetwork.a(network.o)
 .text._ZN7NetworkC2Ev
                0x000000000801132c       0x50 ../lib-network/lib_gd32/libnetwork.a(network.o)
                0x000000000801132c                Network::Network()
                0x000000000801132c                Network::Network()
 .text._ZN7Network8ShutdownEv
                0x000000000801137c        0xe ../lib-network/lib_gd32/libnetwork.a(network.o)
                0x000000000801137c                Network::Shutdown()
 .text._ZN7Network5BeginEt
                0x000000000801138a        0x6 ../lib-network/lib_gd32/libnetwork.a(network.o)
                0x000000000801138a                Network::Begin(unsigned short)
 .text._ZN7Network3EndEt
                0x0000000008011390        0x6 ../lib-network/lib_gd32/libnetwork.a(network.o)
                0x0000000008011390                Network::End(unsigned short)
 .text._ZN7Network16MacAddressCopyToEPh
                0x0000000008011396       0x16 ../lib-network/lib_gd32/libnetwork.a(network.o)
                0x0000000008011396                Network::MacAddressCopyTo(unsigned char*)
 .text._ZN7Network9JoinGroupEij
                0x00000000080113ac        0x6 ../lib-network/lib_gd32/libnetwork.a(network.o)
                0x00000000080113ac                Network::JoinGroup(int, unsigned int)
 .text._ZN7Network10LeaveGroupEij
                0x00000000080113b2        0x6 ../lib-network/lib_gd32/libnetwork.a(network.o)
                0x00000000080113b2                Network::LeaveGroup(int, unsigned int)
 .text._ZN7Network12SetDefaultIpEv
                0x00000000080113b8       0x22 ../lib-network/lib_gd32/libnetwork.a(network.o)
                0x00000000080113b8                Network::SetDefaultIp()
 *fill*         0x00000000080113da        0x2 
 .text._ZN7Network4InitEP18NetworkParamsStore
                0x00000000080113dc      0x280 ../lib-network/lib_gd32/libnetwork.a(network.o)
                0x00000000080113dc                Network::Init(NetworkParamsStore*)
 .text._ZN7Network5SetIpEj
                0x000000000801165c       0x56 ../lib-network/lib_gd32/libnetwork.a(network.o)
                0x000000000801165c                Network::SetIp(unsigned int)
 .text._ZN7Network10SetNetmaskEj
                0x00000000080116b2       0x24 ../lib-network/lib_gd32/libnetwork.a(network.o)
                0x00000000080116b2                Network::SetNetmask(unsigned int)
 .text._ZN7Network12SetGatewayIpEj
                0x00000000080116d6       0x2e ../lib-network/lib_gd32/libnetwork.a(network.o)
                0x00000000080116d6                Network::SetGatewayIp(unsigned int)
 .text._ZN7Network10EnableDhcpEv
                0x0000000008011704       0x8c ../lib-network/lib_gd32/libnetwork.a(network.o)
                0x0000000008011704                Network::EnableDhcp()
 .text._ZN7Network5PrintEv
                0x0000000008011790       0xf8 ../lib-network/lib_gd32/libnetwork.a(network.o)
                0x0000000008011790                Network::Print()
 .text._ZN7Network8TcpBeginEt
                0x0000000008011888        0x6 ../lib-network/lib_gd32/libnetwork.a(networktcp.o)
                0x0000000008011888                Network::TcpBegin(unsigned short)
 .text._ZN7Network7TcpReadEiPPKh
                0x000000000801188e        0x8 ../lib-network/lib_gd32/libnetwork.a(networktcp.o)
                0x000000000801188e                Network::TcpRead(int, unsigned char const**)
 .text._ZN7Network8TcpWriteEiPKht
                0x0000000008011896        0xa ../lib-network/lib_gd32/libnetwork.a(networktcp.o)
                0x0000000008011896                Network::TcpWrite(int, unsigned char const*, unsigned short)
 .text._ZN13NetworkParamsC2EP18NetworkParamsStore
                0x00000000080118a0       0x18 ../lib-network/lib_gd32/libnetwork.a(networkparams.o)
                0x00000000080118a0                NetworkParams::NetworkParams(NetworkParamsStore*)
                0x00000000080118a0                NetworkParams::NetworkParams(NetworkParamsStore*)
 .text._ZN13NetworkParams4LoadEv
                0x00000000080118b8       0x18 ../lib-network/lib_gd32/libnetwork.a(networkparams.o)
                0x00000000080118b8                NetworkParams::Load()
 .text._ZN13NetworkParams4LoadEPKcj
                0x00000000080118d0       0x40 ../lib-network/lib_gd32/libnetwork.a(networkparams.o)
                0x00000000080118d0                NetworkParams::Load(char const*, unsigned int)
 .text._ZN13NetworkParams16callbackFunctionEPKc
                0x0000000008011910      0x12c ../lib-network/lib_gd32/libnetwork.a(networkparams.o)
                0x0000000008011910                NetworkParams::callbackFunction(char const*)
 .text._ZN13NetworkParams22staticCallbackFunctionEPvPKc
                0x0000000008011a3c        0x4 ../lib-network/lib_gd32/libnetwork.a(networkparams.o)
                0x0000000008011a3c                NetworkParams::staticCallbackFunction(void*, char const*)
 .text._ZN13NetworkParams7BuilderEPKN13networkparams6ParamsEPcjRj
                0x0000000008011a40      0x214 ../lib-network/lib_gd32/libnetwork.a(networkparams.o)
                0x0000000008011a40                NetworkParams::Builder(networkparams::Params const*, char*, unsigned int, unsigned int&)
 .text._ZN13NetworkParams4SaveEPcjRj
                0x0000000008011c54       0x1a ../lib-network/lib_gd32/libnetwork.a(networkparams.o)
                0x0000000008011c54                NetworkParams::Save(char*, unsigned int, unsigned int&)
 .text._ZN13NetworkParams4DumpEv
                0x0000000008011c6e        0x2 ../lib-network/lib_gd32/libnetwork.a(networkparamsdump.o)
                0x0000000008011c6e                NetworkParams::Dump()
 .text.memcpy.isra.0
                0x0000000008011c70       0x14 ../lib-network/lib_gd32/libnetwork.a(arp.o)
 .text.arp_announce
                0x0000000008011c84       0x14 ../lib-network/lib_gd32/libnetwork.a(arp.o)
                0x0000000008011c84                arp_announce
 .text.arp_handle_request
                0x0000000008011c98       0x50 ../lib-network/lib_gd32/libnetwork.a(arp.o)
                0x0000000008011c98                arp_handle_request
 .text.arp_handle_reply
                0x0000000008011ce8        0x8 ../lib-network/lib_gd32/libnetwork.a(arp.o)
                0x0000000008011ce8                arp_handle_reply
 .text.arp_send_request
                0x0000000008011cf0       0x14 ../lib-network/lib_gd32/libnetwork.a(arp.o)
                0x0000000008011cf0                arp_send_request
 .text.arp_cache_update
                0x0000000008011d04       0x50 ../lib-network/lib_gd32/libnetwork.a(arp_cache.o)
                0x0000000008011d04                arp_cache_update
 .text.arp_cache_lookup
                0x0000000008011d54       0x9c ../lib-network/lib_gd32/libnetwork.a(arp_cache.o)
                0x0000000008011d54                arp_cache_lookup
 .text._parse_response
                0x0000000008011df0      0x168 ../lib-network/lib_gd32/libnetwork.a(dhcp.o)
 .text.memcpy.isra.0
                0x0000000008011f58       0x14 ../lib-network/lib_gd32/libnetwork.a(dhcp.o)
 .text.dhcp_client
                0x0000000008011f6c      0x210 ../lib-network/lib_gd32/libnetwork.a(dhcp.o)
                0x0000000008011f6c                dhcp_client
 .text.dhcp_client_release
                0x000000000801217c       0x5c ../lib-network/lib_gd32/libnetwork.a(dhcp.o)
                0x000000000801217c                dhcp_client_release
 .text.memcpy.isra.0
                0x00000000080121d8       0x14 ../lib-network/lib_gd32/libnetwork.a(igmp.o)
 .text._send_report
                0x00000000080121ec       0x7c ../lib-network/lib_gd32/libnetwork.a(igmp.o)
 .text.igmp_set_ip
                0x0000000008012268       0x2c ../lib-network/lib_gd32/libnetwork.a(igmp.o)
                0x0000000008012268                igmp_set_ip
 .text.igmp_timer
                0x0000000008012294       0x34 ../lib-network/lib_gd32/libnetwork.a(igmp.o)
                0x0000000008012294                igmp_timer
 .text.igmp_join
                0x00000000080122c8       0x58 ../lib-network/lib_gd32/libnetwork.a(igmp.o)
                0x00000000080122c8                igmp_join
 .text.igmp_leave
                0x0000000008012320       0x80 ../lib-network/lib_gd32/libnetwork.a(igmp.o)
                0x0000000008012320                igmp_leave
 .text.ip_set_ip
                0x00000000080123a0       0x12 ../lib-network/lib_gd32/libnetwork.a(ip.o)
                0x00000000080123a0                ip_set_ip
 .text.net_chksum
                0x00000000080123b2       0x34 ../lib-network/lib_gd32/libnetwork.a(net_chksum.o)
                0x00000000080123b2                net_chksum
 .text._ZN3net18link_register_readEv
                0x00000000080123e6       0x22 ../lib-network/lib_gd32/libnetwork.a(net_link_check.o)
                0x00000000080123e6                net::link_register_read()
 .text.memcpy.isra.0
                0x0000000008012408       0x14 ../lib-network/lib_gd32/libnetwork.a(icmp.o)
 .text._ZN7Display5WriteEhPKc.isra.0
                0x000000000801241c       0x24 ../lib-displayudf/lib_gd32/libdisplayudf.a(displayudf.o)
 .text._ZN7Display9ClearLineEh.isra.0
                0x0000000008012440        0xa ../lib-displayudf/lib_gd32/libdisplayudf.a(displayudf.o)
 .text._ZN7Display6PrintfEhPKcz
                0x000000000801244a       0x38 ../lib-displayudf/lib_gd32/libdisplayudf.a(displayudf.o)
                0x000000000801244a                Display::Printf(unsigned char, char const*, ...)
 *fill*         0x0000000008012482        0x2 
 .text._ZN10DisplayUdfC2Ev
                0x0000000008012484       0x2c ../lib-displayudf/lib_gd32/libdisplayudf.a(displayudf.o)
                0x0000000008012484                DisplayUdf::DisplayUdf()
                0x0000000008012484                DisplayUdf::DisplayUdf()
 .text._ZN10DisplayUdf8SetTitleEPKcz
                0x00000000080124b0       0x26 ../lib-displayudf/lib_gd32/libdisplayudf.a(displayudf.o)
                0x00000000080124b0                DisplayUdf::SetTitle(char const*, ...)
 .text._ZN10DisplayUdf3SetEhN10displayudf6LabelsE
                0x00000000080124d6       0x32 ../lib-displayudf/lib_gd32/libdisplayudf.a(displayudf.o)
                0x00000000080124d6                DisplayUdf::Set(unsigned char, displayudf::Labels)
 .text._ZN10DisplayUdf13ShowEmacStartEv
                0x0000000008012508       0x20 ../lib-displayudf/lib_gd32/libdisplayudf.a(displayudf.o)
                0x0000000008012508                DisplayUdf::ShowEmacStart()
 .text._ZN10DisplayUdf13ShowIpAddressEv
                0x0000000008012528       0x68 ../lib-displayudf/lib_gd32/libdisplayudf.a(displayudf.o)
                0x0000000008012528                DisplayUdf::ShowIpAddress()
 .text._ZN10DisplayUdf11ShowNetmaskEv
                0x0000000008012590       0x3c ../lib-displayudf/lib_gd32/libdisplayudf.a(displayudf.o)
                0x0000000008012590                DisplayUdf::ShowNetmask()
 .text._ZN10DisplayUdf13ShowGatewayIpEv
                0x00000000080125cc       0x40 ../lib-displayudf/lib_gd32/libdisplayudf.a(displayudf.o)
                0x00000000080125cc                DisplayUdf::ShowGatewayIp()
 .text._ZN10DisplayUdf12ShowHostNameEv
                0x000000000801260c       0x28 ../lib-displayudf/lib_gd32/libdisplayudf.a(displayudf.o)
                0x000000000801260c                DisplayUdf::ShowHostName()
 .text._ZN10DisplayUdf4ShowEv